2026-08-02 11:46:03,019 file: tool_utils.py func: tool_utils line No: 77 log will be stored in /home/ubuntu/lxy/1/best_yolov8s_rdk_x5_bpu_package/conversion/.mapper_workspace/hb_mapper_makertbin.log
2026-08-02 11:46:03,019 file: hb_mapper.py func: hb_mapper line No: 132 Start hb_mapper....
2026-08-02 11:46:03,019 file: hb_mapper.py func: hb_mapper line No: 133 hbdk version 3.49.15
2026-08-02 11:46:03,020 file: hb_mapper.py func: hb_mapper line No: 134 horizon_nn version 1.1.0
2026-08-02 11:46:03,020 file: hb_mapper.py func: hb_mapper line No: 135 hb_mapper version 1.24.3
2026-08-02 11:46:03,020 file: hb_mapper_makertbin.py func: hb_mapper_makertbin line No: 530 Start Model Convert....
2026-08-02 11:46:03,027 file: mapper_conf_parser.py func: mapper_conf_parser line No: 105 validating model_parameters...
2026-08-02 11:46:03,027 file: mapper_conf_parser.py func: mapper_conf_parser line No: 260 Using onnx model file: /home/ubuntu/lxy/1/best_yolov8s_rdk_x5_bpu_package/model/best_yolov8s_bpu.onnx
2026-08-02 11:46:03,111 file: onnx_parser.py func: onnx_parser line No: 39 Model input names: ['images']
2026-08-02 11:46:03,112 file: mapper_conf_parser.py func: mapper_conf_parser line No: 264 Model has 1 inputs according to model file
2026-08-02 11:46:03,112 file: mapper_conf_parser.py func: mapper_conf_parser line No: 287 working_dir does not exist. Creating working_dir: /home/ubuntu/lxy/1/best_yolov8s_rdk_x5_bpu_package/conversion/.mapper_workspace/bpu_model_output
2026-08-02 11:46:03,112 file: mapper_conf_parser.py func: mapper_conf_parser line No: 438 node_dict: {self.node_dict}
2026-08-02 11:46:03,112 file: mapper_conf_parser.py func: mapper_conf_parser line No: 119 validating model_parameters finished
2026-08-02 11:46:03,112 file: mapper_conf_parser.py func: mapper_conf_parser line No: 123 validating input_parameters...
2026-08-02 11:46:03,112 file: mapper_conf_parser.py func: mapper_conf_parser line No: 492 Model name not given in yaml_file, using model name from model file: ['images']
2026-08-02 11:46:03,112 file: mapper_conf_parser.py func: mapper_conf_parser line No: 536 Model input shape not given in yaml_file, using shape from model file: [[1, 3, 640, 640]]
2026-08-02 11:46:03,113 file: mapper_conf_parser.py func: mapper_conf_parser line No: 639 nv12 input type rt received.
2026-08-02 11:46:03,113 file: mapper_conf_parser.py func: mapper_conf_parser line No: 135 validating input_parameters finished
2026-08-02 11:46:03,113 file: mapper_conf_parser.py func: mapper_conf_parser line No: 139 validating calibration_parameters...
2026-08-02 11:46:03,113 file: mapper_conf_parser.py func: mapper_conf_parser line No: 1007 The calibration dir name suffix is not the same as the value float32 of the parameter cal_data_type, the parameter setting will prevail
2026-08-02 11:46:03,113 file: mapper_conf_parser.py func: mapper_conf_parser line No: 155 validating calibration_parameters finished
2026-08-02 11:46:03,113 file: mapper_conf_parser.py func: mapper_conf_parser line No: 159 validating custom_op...
2026-08-02 11:46:03,113 file: mapper_conf_parser.py func: mapper_conf_parser line No: 1076 custom_op does not exist, skipped
2026-08-02 11:46:03,113 file: mapper_conf_parser.py func: mapper_conf_parser line No: 165 validating custom_op finished
2026-08-02 11:46:03,113 file: mapper_conf_parser.py func: mapper_conf_parser line No: 168 validating compiler_parameters...
2026-08-02 11:46:03,113 file: mapper_conf_parser.py func: mapper_conf_parser line No: 1157 Input node images's input_source not set, it will be set to pyramid by default
2026-08-02 11:46:03,113 file: mapper_conf_parser.py func: mapper_conf_parser line No: 183 validating compiler_parameters finished
2026-08-02 11:46:03,113 file: mapper_conf_parser.py func: mapper_conf_parser line No: 187 validating deprecated parameters...
2026-08-02 11:46:03,113 file: mapper_conf_parser.py func: mapper_conf_parser line No: 193 validating deprecated parameters finished
2026-08-02 11:46:03,113 file: hb_mapper_makertbin.py func: hb_mapper_makertbin line No: 54 Dump config:
2026-08-02 11:46:03,113 file: hb_mapper_makertbin.py func: hb_mapper_makertbin line No: 55 calibration_parameters:
  cal_data_dir: /home/ubuntu/lxy/1/best_yolov8s_rdk_x5_bpu_package/conversion/.mapper_workspace/calibration_data
  cal_data_type: float32
  calibration_type: default
  optimization: set_Softmax_input_int8,set_Softmax_output_int8
compiler_parameters:
  compile_mode: latency
  debug: true
  jobs: 2
  optimize_level: O3
input_parameters:
  input_layout_train: NCHW
  input_name: ''
  input_type_rt: nv12
  input_type_train: rgb
  norm_type: data_scale
  scale_value: '0.003921568627451'
model_parameters:
  layer_out_dump: false
  march: bayes-e
  onnx_model: /home/ubuntu/lxy/1/best_yolov8s_rdk_x5_bpu_package/model/best_yolov8s_bpu.onnx
  output_model_file_prefix: best_yolov8s_bpu_bayese_640x640_nv12
  working_dir: /home/ubuntu/lxy/1/best_yolov8s_rdk_x5_bpu_package/conversion/.mapper_workspace/bpu_model_output

2026-08-02 11:46:03,116 file: hb_mapper_makertbin.py func: hb_mapper_makertbin line No: 60 input 'images' : original model shape: [1, 3, 640, 640]
2026-08-02 11:46:03,117 file: loader.py func: loader line No: 204 *******************************************
2026-08-02 11:46:03,117 file: loader.py func: loader line No: 205 First calibration picture name: 000_170.rgbchw
2026-08-02 11:46:03,117 file: loader.py func: loader line No: 207 First calibration picture md5:
2026-08-02 11:46:03,130 file: loader.py func: loader line No: 211 *******************************************
2026-08-02 11:46:03,130 file: loader.py func: loader line No: 282 created RawImageDirLoader of shape:[1, 3, 640, 640]
2026-08-02 11:46:03,130 file: loader.py func: loader line No: 287 Read raw file: /home/ubuntu/lxy/1/best_yolov8s_rdk_x5_bpu_package/conversion/.mapper_workspace/calibration_data/000_170.rgbchw
2026-08-02 11:46:03,201 file: loader.py func: loader line No: 287 Read raw file: /home/ubuntu/lxy/1/best_yolov8s_rdk_x5_bpu_package/conversion/.mapper_workspace/calibration_data/001_170_flip.rgbchw
2026-08-02 11:46:03,274 file: loader.py func: loader line No: 287 Read raw file: /home/ubuntu/lxy/1/best_yolov8s_rdk_x5_bpu_package/conversion/.mapper_workspace/calibration_data/002_171.rgbchw
2026-08-02 11:46:03,336 file: loader.py func: loader line No: 287 Read raw file: /home/ubuntu/lxy/1/best_yolov8s_rdk_x5_bpu_package/conversion/.mapper_workspace/calibration_data/003_171_flip.rgbchw
2026-08-02 11:46:03,406 file: loader.py func: loader line No: 287 Read raw file: /home/ubuntu/lxy/1/best_yolov8s_rdk_x5_bpu_package/conversion/.mapper_workspace/calibration_data/004_172.rgbchw
2026-08-02 11:46:03,466 file: loader.py func: loader line No: 287 Read raw file: /home/ubuntu/lxy/1/best_yolov8s_rdk_x5_bpu_package/conversion/.mapper_workspace/calibration_data/005_172_flip.rgbchw
2026-08-02 11:46:03,525 file: loader.py func: loader line No: 287 Read raw file: /home/ubuntu/lxy/1/best_yolov8s_rdk_x5_bpu_package/conversion/.mapper_workspace/calibration_data/006_173.rgbchw
2026-08-02 11:46:03,585 file: loader.py func: loader line No: 287 Read raw file: /home/ubuntu/lxy/1/best_yolov8s_rdk_x5_bpu_package/conversion/.mapper_workspace/calibration_data/007_173_flip.rgbchw
2026-08-02 11:46:03,643 file: loader.py func: loader line No: 287 Read raw file: /home/ubuntu/lxy/1/best_yolov8s_rdk_x5_bpu_package/conversion/.mapper_workspace/calibration_data/008_176.rgbchw
2026-08-02 11:46:03,700 file: loader.py func: loader line No: 287 Read raw file: /home/ubuntu/lxy/1/best_yolov8s_rdk_x5_bpu_package/conversion/.mapper_workspace/calibration_data/009_176_flip.rgbchw
2026-08-02 11:46:03,759 file: loader.py func: loader line No: 287 Read raw file: /home/ubuntu/lxy/1/best_yolov8s_rdk_x5_bpu_package/conversion/.mapper_workspace/calibration_data/010_177.rgbchw
2026-08-02 11:46:03,817 file: loader.py func: loader line No: 287 Read raw file: /home/ubuntu/lxy/1/best_yolov8s_rdk_x5_bpu_package/conversion/.mapper_workspace/calibration_data/011_177_flip.rgbchw
2026-08-02 11:46:03,878 file: loader.py func: loader line No: 287 Read raw file: /home/ubuntu/lxy/1/best_yolov8s_rdk_x5_bpu_package/conversion/.mapper_workspace/calibration_data/012_178.rgbchw
2026-08-02 11:46:03,939 file: loader.py func: loader line No: 287 Read raw file: /home/ubuntu/lxy/1/best_yolov8s_rdk_x5_bpu_package/conversion/.mapper_workspace/calibration_data/013_178_flip.rgbchw
2026-08-02 11:46:03,997 file: loader.py func: loader line No: 287 Read raw file: /home/ubuntu/lxy/1/best_yolov8s_rdk_x5_bpu_package/conversion/.mapper_workspace/calibration_data/014_180.rgbchw
2026-08-02 11:46:04,057 file: loader.py func: loader line No: 287 Read raw file: /home/ubuntu/lxy/1/best_yolov8s_rdk_x5_bpu_package/conversion/.mapper_workspace/calibration_data/015_180_flip.rgbchw
2026-08-02 11:46:04,118 file: loader.py func: loader line No: 287 Read raw file: /home/ubuntu/lxy/1/best_yolov8s_rdk_x5_bpu_package/conversion/.mapper_workspace/calibration_data/016_181.rgbchw
2026-08-02 11:46:04,177 file: loader.py func: loader line No: 287 Read raw file: /home/ubuntu/lxy/1/best_yolov8s_rdk_x5_bpu_package/conversion/.mapper_workspace/calibration_data/017_181_flip.rgbchw
2026-08-02 11:46:04,238 file: loader.py func: loader line No: 287 Read raw file: /home/ubuntu/lxy/1/best_yolov8s_rdk_x5_bpu_package/conversion/.mapper_workspace/calibration_data/018_182.rgbchw
2026-08-02 11:46:04,298 file: loader.py func: loader line No: 287 Read raw file: /home/ubuntu/lxy/1/best_yolov8s_rdk_x5_bpu_package/conversion/.mapper_workspace/calibration_data/019_182_flip.rgbchw
2026-08-02 11:46:04,357 file: loader.py func: loader line No: 287 Read raw file: /home/ubuntu/lxy/1/best_yolov8s_rdk_x5_bpu_package/conversion/.mapper_workspace/calibration_data/020_183.rgbchw
2026-08-02 11:46:04,418 file: loader.py func: loader line No: 287 Read raw file: /home/ubuntu/lxy/1/best_yolov8s_rdk_x5_bpu_package/conversion/.mapper_workspace/calibration_data/021_183_flip.rgbchw
2026-08-02 11:46:04,481 file: loader.py func: loader line No: 287 Read raw file: /home/ubuntu/lxy/1/best_yolov8s_rdk_x5_bpu_package/conversion/.mapper_workspace/calibration_data/022_184.rgbchw
2026-08-02 11:46:04,540 file: loader.py func: loader line No: 287 Read raw file: /home/ubuntu/lxy/1/best_yolov8s_rdk_x5_bpu_package/conversion/.mapper_workspace/calibration_data/023_184_flip.rgbchw
2026-08-02 11:46:04,601 file: loader.py func: loader line No: 287 Read raw file: /home/ubuntu/lxy/1/best_yolov8s_rdk_x5_bpu_package/conversion/.mapper_workspace/calibration_data/024_185.rgbchw
2026-08-02 11:46:04,661 file: loader.py func: loader line No: 287 Read raw file: /home/ubuntu/lxy/1/best_yolov8s_rdk_x5_bpu_package/conversion/.mapper_workspace/calibration_data/025_185_flip.rgbchw
2026-08-02 11:46:04,720 file: loader.py func: loader line No: 287 Read raw file: /home/ubuntu/lxy/1/best_yolov8s_rdk_x5_bpu_package/conversion/.mapper_workspace/calibration_data/026_186.rgbchw
2026-08-02 11:46:04,780 file: loader.py func: loader line No: 287 Read raw file: /home/ubuntu/lxy/1/best_yolov8s_rdk_x5_bpu_package/conversion/.mapper_workspace/calibration_data/027_186_flip.rgbchw
2026-08-02 11:46:04,841 file: loader.py func: loader line No: 287 Read raw file: /home/ubuntu/lxy/1/best_yolov8s_rdk_x5_bpu_package/conversion/.mapper_workspace/calibration_data/028_187.rgbchw
2026-08-02 11:46:04,899 file: loader.py func: loader line No: 287 Read raw file: /home/ubuntu/lxy/1/best_yolov8s_rdk_x5_bpu_package/conversion/.mapper_workspace/calibration_data/029_187_flip.rgbchw
2026-08-02 11:46:04,959 file: loader.py func: loader line No: 287 Read raw file: /home/ubuntu/lxy/1/best_yolov8s_rdk_x5_bpu_package/conversion/.mapper_workspace/calibration_data/030_188.rgbchw
2026-08-02 11:46:05,022 file: loader.py func: loader line No: 287 Read raw file: /home/ubuntu/lxy/1/best_yolov8s_rdk_x5_bpu_package/conversion/.mapper_workspace/calibration_data/031_188_flip.rgbchw
2026-08-02 11:46:05,083 file: tool_utils.py func: tool_utils line No: 368 num of calibration data: 32
2026-08-02 11:46:05,083 file: tool_utils.py func: tool_utils line No: 369 calibration data shape: (1, 3, 640, 640)
2026-08-02 11:46:05,098 file: hb_mapper_makertbin.py func: hb_mapper_makertbin line No: 519 call build params:
 {'march': 'bayes-e', 'save_model': True, 'name_prefix': 'best_yolov8s_bpu_bayese_640x640_nv12', 'input_dict': {'images': {'input_shape': [1, 3, 640, 640], 'expected_input_type': 'YUV444_128', 'original_input_type': 'RGB', 'original_input_layout': 'NCHW', 'scales': array([0.00392157], dtype=float32)}}, 'cali_dict': {'calibration_type': 'default', 'calibration_data': {'images': [array([[[[-128., -128., -128., ..., -128., -128., -128.],
         [-128., -128., -128., ..., -128., -128., -128.],
         [-128., -128., -128., ..., -128., -128., -128.],
         ...,
         [-128., -128., -128., ..., -128., -128., -128.],
         [-128., -128., -128., ..., -128., -128., -128.],
         [-128., -128., -128., ..., -128., -128., -128.]],

        [[   0.,    0.,    0., ...,    0.,    0.,    0.],
         [   0.,    0.,    0., ...,    0.,    0.,    0.],
         [   0.,    0.,    0., ...,    0.,    0.,    0.],
         ...,
         [   0.,    0.,    0., ...,    0.,    0.,    0.],
         [   0.,    0.,    0., ...,    0.,    0.,    0.],
         [   0.,    0.,    0., ...,    0.,    0.,    0.]],

        [[   0.,    0.,    0., ...,    0.,    0.,    0.],
         [   0.,    0.,    0., ...,    0.,    0.,    0.],
         [   0.,    0.,    0., ...,    0.,    0.,    0.],
         ...,
         [   0.,    0.,    0., ...,    0.,    0.,    0.],
         [   0.,    0.,    0., ...,    0.,    0.,    0.],
         [   0.,    0.,    0., ...,    0.,    0.,    0.]]]], dtype=float32), array([[[[-128., -128., -128., ..., -128., -128., -128.],
         [-128., -128., -128., ..., -128., -128., -128.],
         [-128., -128., -128., ..., -128., -128., -128.],
         ...,
         [-128., -128., -128., ..., -128., -128., -128.],
         [-128., -128., -128., ..., -128., -128., -128.],
         [-128., -128., -128., ..., -128., -128., -128.]],

        [[   0.,    0.,    0., ...,    0.,    0.,    0.],
         [   0.,    0.,    0., ...,    0.,    0.,    0.],
         [   0.,    0.,    0., ...,    0.,    0.,    0.],
         ...,
         [   0.,    0.,    0., ...,    0.,    0.,    0.],
         [   0.,    0.,    0., ...,    0.,    0.,    0.],
         [   0.,    0.,    0., ...,    0.,    0.,    0.]],

        [[   0.,    0.,    0., ...,    0.,    0.,    0.],
         [   0.,    0.,    0., ...,    0.,    0.,    0.],
         [   0.,    0.,    0., ...,    0.,    0.,    0.],
         ...,
         [   0.,    0.,    0., ...,    0.,    0.,    0.],
         [   0.,    0.,    0., ...,    0.,    0.,    0.],
         [   0.,    0.,    0., ...,    0.,    0.,    0.]]]], dtype=float32), array([[[[-128., -128., -128., ..., -128., -128., -128.],
         [-128., -128., -128., ..., -128., -128., -128.],
         [-128., -128., -128., ..., -128., -128., -128.],
         ...,
         [-128., -128., -128., ..., -128., -128., -128.],
         [-128., -128., -128., ..., -128., -128., -128.],
         [-128., -128., -128., ..., -128., -128., -128.]],

        [[   0.,    0.,    0., ...,    0.,    0.,    0.],
         [   0.,    0.,    0., ...,    0.,    0.,    0.],
         [   0.,    0.,    0., ...,    0.,    0.,    0.],
         ...,
         [   0.,    0.,    0., ...,    0.,    0.,    0.],
         [   0.,    0.,    0., ...,    0.,    0.,    0.],
         [   0.,    0.,    0., ...,    0.,    0.,    0.]],

        [[   0.,    0.,    0., ...,    0.,    0.,    0.],
         [   0.,    0.,    0., ...,    0.,    0.,    0.],
         [   0.,    0.,    0., ...,    0.,    0.,    0.],
         ...,
         [   0.,    0.,    0., ...,    0.,    0.,    0.],
         [   0.,    0.,    0., ...,    0.,    0.,    0.],
         [   0.,    0.,    0., ...,    0.,    0.,    0.]]]], dtype=float32), array([[[[-128., -128., -128., ..., -128., -128., -128.],
         [-128., -128., -128., ..., -128., -128., -128.],
         [-128., -128., -128., ..., -128., -128., -128.],
         ...,
         [-128., -128., -128., ..., -128., -128., -128.],
         [-128., -128., -128., ..., -128., -128., -128.],
         [-128., -128., -128., ..., -128., -128., -128.]],

        [[   0.,    0.,    0., ...,    0.,    0.,    0.],
         [   0.,    0.,    0., ...,    0.,    0.,    0.],
         [   0.,    0.,    0., ...,    0.,    0.,    0.],
         ...,
         [   0.,    0.,    0., ...,    0.,    0.,    0.],
         [   0.,    0.,    0., ...,    0.,    0.,    0.],
         [   0.,    0.,    0., ...,    0.,    0.,    0.]],

        [[   0.,    0.,    0., ...,    0.,    0.,    0.],
         [   0.,    0.,    0., ...,    0.,    0.,    0.],
         [   0.,    0.,    0., ...,    0.,    0.,    0.],
         ...,
         [   0.,    0.,    0., ...,    0.,    0.,    0.],
         [   0.,    0.,    0., ...,    0.,    0.,    0.],
         [   0.,    0.,    0., ...,    0.,    0.,    0.]]]], dtype=float32), array([[[[-128., -128., -128., ..., -128., -128., -128.],
         [-128., -128., -128., ..., -128., -128., -128.],
         [-128., -128., -128., ..., -128., -128., -128.],
         ...,
         [-128., -128., -128., ..., -128., -128., -128.],
         [-128., -128., -128., ..., -128., -128., -128.],
         [-128., -128., -128., ..., -128., -128., -128.]],

        [[   0.,    0.,    0., ...,    0.,    0.,    0.],
         [   0.,    0.,    0., ...,    0.,    0.,    0.],
         [   0.,    0.,    0., ...,    0.,    0.,    0.],
         ...,
         [   0.,    0.,    0., ...,    0.,    0.,    0.],
         [   0.,    0.,    0., ...,    0.,    0.,    0.],
         [   0.,    0.,    0., ...,    0.,    0.,    0.]],

        [[   0.,    0.,    0., ...,    0.,    0.,    0.],
         [   0.,    0.,    0., ...,    0.,    0.,    0.],
         [   0.,    0.,    0., ...,    0.,    0.,    0.],
         ...,
         [   0.,    0.,    0., ...,    0.,    0.,    0.],
         [   0.,    0.,    0., ...,    0.,    0.,    0.],
         [   0.,    0.,    0., ...,    0.,    0.,    0.]]]], dtype=float32), array([[[[-128., -128., -128., ..., -128., -128., -128.],
         [-128., -128., -128., ..., -128., -128., -128.],
         [-128., -128., -128., ..., -128., -128., -128.],
         ...,
         [-128., -128., -128., ..., -128., -128., -128.],
         [-128., -128., -128., ..., -128., -128., -128.],
         [-128., -128., -128., ..., -128., -128., -128.]],

        [[   0.,    0.,    0., ...,    0.,    0.,    0.],
         [   0.,    0.,    0., ...,    0.,    0.,    0.],
         [   0.,    0.,    0., ...,    0.,    0.,    0.],
         ...,
         [   0.,    0.,    0., ...,    0.,    0.,    0.],
         [   0.,    0.,    0., ...,    0.,    0.,    0.],
         [   0.,    0.,    0., ...,    0.,    0.,    0.]],

        [[   0.,    0.,    0., ...,    0.,    0.,    0.],
         [   0.,    0.,    0., ...,    0.,    0.,    0.],
         [   0.,    0.,    0., ...,    0.,    0.,    0.],
         ...,
         [   0.,    0.,    0., ...,    0.,    0.,    0.],
         [   0.,    0.,    0., ...,    0.,    0.,    0.],
         [   0.,    0.,    0., ...,    0.,    0.,    0.]]]], dtype=float32), array([[[[-128., -128., -128., ..., -128., -128., -128.],
         [-128., -128., -128., ..., -128., -128., -128.],
         [-128., -128., -128., ..., -128., -128., -128.],
         ...,
         [-128., -128., -128., ..., -128., -128., -128.],
         [-128., -128., -128., ..., -128., -128., -128.],
         [-128., -128., -128., ..., -128., -128., -128.]],

        [[   0.,    0.,    0., ...,    0.,    0.,    0.],
         [   0.,    0.,    0., ...,    0.,    0.,    0.],
         [   0.,    0.,    0., ...,    0.,    0.,    0.],
         ...,
         [   0.,    0.,    0., ...,    0.,    0.,    0.],
         [   0.,    0.,    0., ...,    0.,    0.,    0.],
         [   0.,    0.,    0., ...,    0.,    0.,    0.]],

        [[   0.,    0.,    0., ...,    0.,    0.,    0.],
         [   0.,    0.,    0., ...,    0.,    0.,    0.],
         [   0.,    0.,    0., ...,    0.,    0.,    0.],
         ...,
         [   0.,    0.,    0., ...,    0.,    0.,    0.],
         [   0.,    0.,    0., ...,    0.,    0.,    0.],
         [   0.,    0.,    0., ...,    0.,    0.,    0.]]]], dtype=float32), array([[[[-128., -128., -128., ..., -128., -128., -128.],
         [-128., -128., -128., ..., -128., -128., -128.],
         [-128., -128., -128., ..., -128., -128., -128.],
         ...,
         [-128., -128., -128., ..., -128., -128., -128.],
         [-128., -128., -128., ..., -128., -128., -128.],
         [-128., -128., -128., ..., -128., -128., -128.]],

        [[   0.,    0.,    0., ...,    0.,    0.,    0.],
         [   0.,    0.,    0., ...,    0.,    0.,    0.],
         [   0.,    0.,    0., ...,    0.,    0.,    0.],
         ...,
         [   0.,    0.,    0., ...,    0.,    0.,    0.],
         [   0.,    0.,    0., ...,    0.,    0.,    0.],
         [   0.,    0.,    0., ...,    0.,    0.,    0.]],

        [[   0.,    0.,    0., ...,    0.,    0.,    0.],
         [   0.,    0.,    0., ...,    0.,    0.,    0.],
         [   0.,    0.,    0., ...,    0.,    0.,    0.],
         ...,
         [   0.,    0.,    0., ...,    0.,    0.,    0.],
         [   0.,    0.,    0., ...,    0.,    0.,    0.],
         [   0.,    0.,    0., ...,    0.,    0.,    0.]]]], dtype=float32), array([[[[-128., -128., -128., ..., -128., -128., -128.],
         [-128., -128., -128., ..., -128., -128., -128.],
         [-128., -128., -128., ..., -128., -128., -128.],
         ...,
         [-128., -128., -128., ..., -128., -128., -128.],
         [-128., -128., -128., ..., -128., -128., -128.],
         [-128., -128., -128., ..., -128., -128., -128.]],

        [[   0.,    0.,    0., ...,    0.,    0.,    0.],
         [   0.,    0.,    0., ...,    0.,    0.,    0.],
         [   0.,    0.,    0., ...,    0.,    0.,    0.],
         ...,
         [   0.,    0.,    0., ...,    0.,    0.,    0.],
         [   0.,    0.,    0., ...,    0.,    0.,    0.],
         [   0.,    0.,    0., ...,    0.,    0.,    0.]],

        [[   0.,    0.,    0., ...,    0.,    0.,    0.],
         [   0.,    0.,    0., ...,    0.,    0.,    0.],
         [   0.,    0.,    0., ...,    0.,    0.,    0.],
         ...,
         [   0.,    0.,    0., ...,    0.,    0.,    0.],
         [   0.,    0.,    0., ...,    0.,    0.,    0.],
         [   0.,    0.,    0., ...,    0.,    0.,    0.]]]], dtype=float32), array([[[[-128., -128., -128., ..., -128., -128., -128.],
         [-128., -128., -128., ..., -128., -128., -128.],
         [-128., -128., -128., ..., -128., -128., -128.],
         ...,
         [-128., -128., -128., ..., -128., -128., -128.],
         [-128., -128., -128., ..., -128., -128., -128.],
         [-128., -128., -128., ..., -128., -128., -128.]],

        [[   0.,    0.,    0., ...,    0.,    0.,    0.],
         [   0.,    0.,    0., ...,    0.,    0.,    0.],
         [   0.,    0.,    0., ...,    0.,    0.,    0.],
         ...,
         [   0.,    0.,    0., ...,    0.,    0.,    0.],
         [   0.,    0.,    0., ...,    0.,    0.,    0.],
         [   0.,    0.,    0., ...,    0.,    0.,    0.]],

        [[   0.,    0.,    0., ...,    0.,    0.,    0.],
         [   0.,    0.,    0., ...,    0.,    0.,    0.],
         [   0.,    0.,    0., ...,    0.,    0.,    0.],
         ...,
         [   0.,    0.,    0., ...,    0.,    0.,    0.],
         [   0.,    0.,    0., ...,    0.,    0.,    0.],
         [   0.,    0.,    0., ...,    0.,    0.,    0.]]]], dtype=float32), array([[[[-128., -128., -128., ..., -128., -128., -128.],
         [-128., -128., -128., ..., -128., -128., -128.],
         [-128., -128., -128., ..., -128., -128., -128.],
         ...,
         [-128., -128., -128., ..., -128., -128., -128.],
         [-128., -128., -128., ..., -128., -128., -128.],
         [-128., -128., -128., ..., -128., -128., -128.]],

        [[   0.,    0.,    0., ...,    0.,    0.,    0.],
         [   0.,    0.,    0., ...,    0.,    0.,    0.],
         [   0.,    0.,    0., ...,    0.,    0.,    0.],
         ...,
         [   0.,    0.,    0., ...,    0.,    0.,    0.],
         [   0.,    0.,    0., ...,    0.,    0.,    0.],
         [   0.,    0.,    0., ...,    0.,    0.,    0.]],

        [[   0.,    0.,    0., ...,    0.,    0.,    0.],
         [   0.,    0.,    0., ...,    0.,    0.,    0.],
         [   0.,    0.,    0., ...,    0.,    0.,    0.],
         ...,
         [   0.,    0.,    0., ...,    0.,    0.,    0.],
         [   0.,    0.,    0., ...,    0.,    0.,    0.],
         [   0.,    0.,    0., ...,    0.,    0.,    0.]]]], dtype=float32), array([[[[-128., -128., -128., ..., -128., -128., -128.],
         [-128., -128., -128., ..., -128., -128., -128.],
         [-128., -128., -128., ..., -128., -128., -128.],
         ...,
         [-128., -128., -128., ..., -128., -128., -128.],
         [-128., -128., -128., ..., -128., -128., -128.],
         [-128., -128., -128., ..., -128., -128., -128.]],

        [[   0.,    0.,    0., ...,    0.,    0.,    0.],
         [   0.,    0.,    0., ...,    0.,    0.,    0.],
         [   0.,    0.,    0., ...,    0.,    0.,    0.],
         ...,
         [   0.,    0.,    0., ...,    0.,    0.,    0.],
         [   0.,    0.,    0., ...,    0.,    0.,    0.],
         [   0.,    0.,    0., ...,    0.,    0.,    0.]],

        [[   0.,    0.,    0., ...,    0.,    0.,    0.],
         [   0.,    0.,    0., ...,    0.,    0.,    0.],
         [   0.,    0.,    0., ...,    0.,    0.,    0.],
         ...,
         [   0.,    0.,    0., ...,    0.,    0.,    0.],
         [   0.,    0.,    0., ...,    0.,    0.,    0.],
         [   0.,    0.,    0., ...,    0.,    0.,    0.]]]], dtype=float32), array([[[[-128., -128., -128., ..., -128., -128., -128.],
         [-128., -128., -128., ..., -128., -128., -128.],
         [-128., -128., -128., ..., -128., -128., -128.],
         ...,
         [-128., -128., -128., ..., -128., -128., -128.],
         [-128., -128., -128., ..., -128., -128., -128.],
         [-128., -128., -128., ..., -128., -128., -128.]],

        [[   0.,    0.,    0., ...,    0.,    0.,    0.],
         [   0.,    0.,    0., ...,    0.,    0.,    0.],
         [   0.,    0.,    0., ...,    0.,    0.,    0.],
         ...,
         [   0.,    0.,    0., ...,    0.,    0.,    0.],
         [   0.,    0.,    0., ...,    0.,    0.,    0.],
         [   0.,    0.,    0., ...,    0.,    0.,    0.]],

        [[   0.,    0.,    0., ...,    0.,    0.,    0.],
         [   0.,    0.,    0., ...,    0.,    0.,    0.],
         [   0.,    0.,    0., ...,    0.,    0.,    0.],
         ...,
         [   0.,    0.,    0., ...,    0.,    0.,    0.],
         [   0.,    0.,    0., ...,    0.,    0.,    0.],
         [   0.,    0.,    0., ...,    0.,    0.,    0.]]]], dtype=float32), array([[[[-128., -128., -128., ..., -128., -128., -128.],
         [-128., -128., -128., ..., -128., -128., -128.],
         [-128., -128., -128., ..., -128., -128., -128.],
         ...,
         [-128., -128., -128., ..., -128., -128., -128.],
         [-128., -128., -128., ..., -128., -128., -128.],
         [-128., -128., -128., ..., -128., -128., -128.]],

        [[   0.,    0.,    0., ...,    0.,    0.,    0.],
         [   0.,    0.,    0., ...,    0.,    0.,    0.],
         [   0.,    0.,    0., ...,    0.,    0.,    0.],
         ...,
         [   0.,    0.,    0., ...,    0.,    0.,    0.],
         [   0.,    0.,    0., ...,    0.,    0.,    0.],
         [   0.,    0.,    0., ...,    0.,    0.,    0.]],

        [[   0.,    0.,    0., ...,    0.,    0.,    0.],
         [   0.,    0.,    0., ...,    0.,    0.,    0.],
         [   0.,    0.,    0., ...,    0.,    0.,    0.],
         ...,
         [   0.,    0.,    0., ...,    0.,    0.,    0.],
         [   0.,    0.,    0., ...,    0.,    0.,    0.],
         [   0.,    0.,    0., ...,    0.,    0.,    0.]]]], dtype=float32), array([[[[-128., -128., -128., ..., -128., -128., -128.],
         [-128., -128., -128., ..., -128., -128., -128.],
         [-128., -128., -128., ..., -128., -128., -128.],
         ...,
         [-128., -128., -128., ..., -128., -128., -128.],
         [-128., -128., -128., ..., -128., -128., -128.],
         [-128., -128., -128., ..., -128., -128., -128.]],

        [[   0.,    0.,    0., ...,    0.,    0.,    0.],
         [   0.,    0.,    0., ...,    0.,    0.,    0.],
         [   0.,    0.,    0., ...,    0.,    0.,    0.],
         ...,
         [   0.,    0.,    0., ...,    0.,    0.,    0.],
         [   0.,    0.,    0., ...,    0.,    0.,    0.],
         [   0.,    0.,    0., ...,    0.,    0.,    0.]],

        [[   0.,    0.,    0., ...,    0.,    0.,    0.],
         [   0.,    0.,    0., ...,    0.,    0.,    0.],
         [   0.,    0.,    0., ...,    0.,    0.,    0.],
         ...,
         [   0.,    0.,    0., ...,    0.,    0.,    0.],
         [   0.,    0.,    0., ...,    0.,    0.,    0.],
         [   0.,    0.,    0., ...,    0.,    0.,    0.]]]], dtype=float32), array([[[[-128., -128., -128., ..., -128., -128., -128.],
         [-128., -128., -128., ..., -128., -128., -128.],
         [-128., -128., -128., ..., -128., -128., -128.],
         ...,
         [-128., -128., -128., ..., -128., -128., -128.],
         [-128., -128., -128., ..., -128., -128., -128.],
         [-128., -128., -128., ..., -128., -128., -128.]],

        [[   0.,    0.,    0., ...,    0.,    0.,    0.],
         [   0.,    0.,    0., ...,    0.,    0.,    0.],
         [   0.,    0.,    0., ...,    0.,    0.,    0.],
         ...,
         [   0.,    0.,    0., ...,    0.,    0.,    0.],
         [   0.,    0.,    0., ...,    0.,    0.,    0.],
         [   0.,    0.,    0., ...,    0.,    0.,    0.]],

        [[   0.,    0.,    0., ...,    0.,    0.,    0.],
         [   0.,    0.,    0., ...,    0.,    0.,    0.],
         [   0.,    0.,    0., ...,    0.,    0.,    0.],
         ...,
         [   0.,    0.,    0., ...,    0.,    0.,    0.],
         [   0.,    0.,    0., ...,    0.,    0.,    0.],
         [   0.,    0.,    0., ...,    0.,    0.,    0.]]]], dtype=float32), array([[[[-128., -128., -128., ..., -128., -128., -128.],
         [-128., -128., -128., ..., -128., -128., -128.],
         [-128., -128., -128., ..., -128., -128., -128.],
         ...,
         [-128., -128., -128., ..., -128., -128., -128.],
         [-128., -128., -128., ..., -128., -128., -128.],
         [-128., -128., -128., ..., -128., -128., -128.]],

        [[   0.,    0.,    0., ...,    0.,    0.,    0.],
         [   0.,    0.,    0., ...,    0.,    0.,    0.],
         [   0.,    0.,    0., ...,    0.,    0.,    0.],
         ...,
         [   0.,    0.,    0., ...,    0.,    0.,    0.],
         [   0.,    0.,    0., ...,    0.,    0.,    0.],
         [   0.,    0.,    0., ...,    0.,    0.,    0.]],

        [[   0.,    0.,    0., ...,    0.,    0.,    0.],
         [   0.,    0.,    0., ...,    0.,    0.,    0.],
         [   0.,    0.,    0., ...,    0.,    0.,    0.],
         ...,
         [   0.,    0.,    0., ...,    0.,    0.,    0.],
         [   0.,    0.,    0., ...,    0.,    0.,    0.],
         [   0.,    0.,    0., ...,    0.,    0.,    0.]]]], dtype=float32), array([[[[-128., -128., -128., ..., -128., -128., -128.],
         [-128., -128., -128., ..., -128., -128., -128.],
         [-128., -128., -128., ..., -128., -128., -128.],
         ...,
         [-128., -128., -128., ..., -128., -128., -128.],
         [-128., -128., -128., ..., -128., -128., -128.],
         [-128., -128., -128., ..., -128., -128., -128.]],

        [[   0.,    0.,    0., ...,    0.,    0.,    0.],
         [   0.,    0.,    0., ...,    0.,    0.,    0.],
         [   0.,    0.,    0., ...,    0.,    0.,    0.],
         ...,
         [   0.,    0.,    0., ...,    0.,    0.,    0.],
         [   0.,    0.,    0., ...,    0.,    0.,    0.],
         [   0.,    0.,    0., ...,    0.,    0.,    0.]],

        [[   0.,    0.,    0., ...,    0.,    0.,    0.],
         [   0.,    0.,    0., ...,    0.,    0.,    0.],
         [   0.,    0.,    0., ...,    0.,    0.,    0.],
         ...,
         [   0.,    0.,    0., ...,    0.,    0.,    0.],
         [   0.,    0.,    0., ...,    0.,    0.,    0.],
         [   0.,    0.,    0., ...,    0.,    0.,    0.]]]], dtype=float32), array([[[[-128., -128., -128., ..., -128., -128., -128.],
         [-128., -128., -128., ..., -128., -128., -128.],
         [-128., -128., -128., ..., -128., -128., -128.],
         ...,
         [-128., -128., -128., ..., -128., -128., -128.],
         [-128., -128., -128., ..., -128., -128., -128.],
         [-128., -128., -128., ..., -128., -128., -128.]],

        [[   0.,    0.,    0., ...,    0.,    0.,    0.],
         [   0.,    0.,    0., ...,    0.,    0.,    0.],
         [   0.,    0.,    0., ...,    0.,    0.,    0.],
         ...,
         [   0.,    0.,    0., ...,    0.,    0.,    0.],
         [   0.,    0.,    0., ...,    0.,    0.,    0.],
         [   0.,    0.,    0., ...,    0.,    0.,    0.]],

        [[   0.,    0.,    0., ...,    0.,    0.,    0.],
         [   0.,    0.,    0., ...,    0.,    0.,    0.],
         [   0.,    0.,    0., ...,    0.,    0.,    0.],
         ...,
         [   0.,    0.,    0., ...,    0.,    0.,    0.],
         [   0.,    0.,    0., ...,    0.,    0.,    0.],
         [   0.,    0.,    0., ...,    0.,    0.,    0.]]]], dtype=float32), array([[[[-128., -128., -128., ..., -128., -128., -128.],
         [-128., -128., -128., ..., -128., -128., -128.],
         [-128., -128., -128., ..., -128., -128., -128.],
         ...,
         [-128., -128., -128., ..., -128., -128., -128.],
         [-128., -128., -128., ..., -128., -128., -128.],
         [-128., -128., -128., ..., -128., -128., -128.]],

        [[   0.,    0.,    0., ...,    0.,    0.,    0.],
         [   0.,    0.,    0., ...,    0.,    0.,    0.],
         [   0.,    0.,    0., ...,    0.,    0.,    0.],
         ...,
         [   0.,    0.,    0., ...,    0.,    0.,    0.],
         [   0.,    0.,    0., ...,    0.,    0.,    0.],
         [   0.,    0.,    0., ...,    0.,    0.,    0.]],

        [[   0.,    0.,    0., ...,    0.,    0.,    0.],
         [   0.,    0.,    0., ...,    0.,    0.,    0.],
         [   0.,    0.,    0., ...,    0.,    0.,    0.],
         ...,
         [   0.,    0.,    0., ...,    0.,    0.,    0.],
         [   0.,    0.,    0., ...,    0.,    0.,    0.],
         [   0.,    0.,    0., ...,    0.,    0.,    0.]]]], dtype=float32), array([[[[-128., -128., -128., ..., -128., -128., -128.],
         [-128., -128., -128., ..., -128., -128., -128.],
         [-128., -128., -128., ..., -128., -128., -128.],
         ...,
         [-128., -128., -128., ..., -128., -128., -128.],
         [-128., -128., -128., ..., -128., -128., -128.],
         [-128., -128., -128., ..., -128., -128., -128.]],

        [[   0.,    0.,    0., ...,    0.,    0.,    0.],
         [   0.,    0.,    0., ...,    0.,    0.,    0.],
         [   0.,    0.,    0., ...,    0.,    0.,    0.],
         ...,
         [   0.,    0.,    0., ...,    0.,    0.,    0.],
         [   0.,    0.,    0., ...,    0.,    0.,    0.],
         [   0.,    0.,    0., ...,    0.,    0.,    0.]],

        [[   0.,    0.,    0., ...,    0.,    0.,    0.],
         [   0.,    0.,    0., ...,    0.,    0.,    0.],
         [   0.,    0.,    0., ...,    0.,    0.,    0.],
         ...,
         [   0.,    0.,    0., ...,    0.,    0.,    0.],
         [   0.,    0.,    0., ...,    0.,    0.,    0.],
         [   0.,    0.,    0., ...,    0.,    0.,    0.]]]], dtype=float32), array([[[[-128., -128., -128., ..., -128., -128., -128.],
         [-128., -128., -128., ..., -128., -128., -128.],
         [-128., -128., -128., ..., -128., -128., -128.],
         ...,
         [-128., -128., -128., ..., -128., -128., -128.],
         [-128., -128., -128., ..., -128., -128., -128.],
         [-128., -128., -128., ..., -128., -128., -128.]],

        [[   0.,    0.,    0., ...,    0.,    0.,    0.],
         [   0.,    0.,    0., ...,    0.,    0.,    0.],
         [   0.,    0.,    0., ...,    0.,    0.,    0.],
         ...,
         [   0.,    0.,    0., ...,    0.,    0.,    0.],
         [   0.,    0.,    0., ...,    0.,    0.,    0.],
         [   0.,    0.,    0., ...,    0.,    0.,    0.]],

        [[   0.,    0.,    0., ...,    0.,    0.,    0.],
         [   0.,    0.,    0., ...,    0.,    0.,    0.],
         [   0.,    0.,    0., ...,    0.,    0.,    0.],
         ...,
         [   0.,    0.,    0., ...,    0.,    0.,    0.],
         [   0.,    0.,    0., ...,    0.,    0.,    0.],
         [   0.,    0.,    0., ...,    0.,    0.,    0.]]]], dtype=float32), array([[[[-128., -128., -128., ..., -128., -128., -128.],
         [-128., -128., -128., ..., -128., -128., -128.],
         [-128., -128., -128., ..., -128., -128., -128.],
         ...,
         [-128., -128., -128., ..., -128., -128., -128.],
         [-128., -128., -128., ..., -128., -128., -128.],
         [-128., -128., -128., ..., -128., -128., -128.]],

        [[   0.,    0.,    0., ...,    0.,    0.,    0.],
         [   0.,    0.,    0., ...,    0.,    0.,    0.],
         [   0.,    0.,    0., ...,    0.,    0.,    0.],
         ...,
         [   0.,    0.,    0., ...,    0.,    0.,    0.],
         [   0.,    0.,    0., ...,    0.,    0.,    0.],
         [   0.,    0.,    0., ...,    0.,    0.,    0.]],

        [[   0.,    0.,    0., ...,    0.,    0.,    0.],
         [   0.,    0.,    0., ...,    0.,    0.,    0.],
         [   0.,    0.,    0., ...,    0.,    0.,    0.],
         ...,
         [   0.,    0.,    0., ...,    0.,    0.,    0.],
         [   0.,    0.,    0., ...,    0.,    0.,    0.],
         [   0.,    0.,    0., ...,    0.,    0.,    0.]]]], dtype=float32), array([[[[-128., -128., -128., ..., -128., -128., -128.],
         [-128., -128., -128., ..., -128., -128., -128.],
         [-128., -128., -128., ..., -128., -128., -128.],
         ...,
         [-128., -128., -128., ..., -128., -128., -128.],
         [-128., -128., -128., ..., -128., -128., -128.],
         [-128., -128., -128., ..., -128., -128., -128.]],

        [[   0.,    0.,    0., ...,    0.,    0.,    0.],
         [   0.,    0.,    0., ...,    0.,    0.,    0.],
         [   0.,    0.,    0., ...,    0.,    0.,    0.],
         ...,
         [   0.,    0.,    0., ...,    0.,    0.,    0.],
         [   0.,    0.,    0., ...,    0.,    0.,    0.],
         [   0.,    0.,    0., ...,    0.,    0.,    0.]],

        [[   0.,    0.,    0., ...,    0.,    0.,    0.],
         [   0.,    0.,    0., ...,    0.,    0.,    0.],
         [   0.,    0.,    0., ...,    0.,    0.,    0.],
         ...,
         [   0.,    0.,    0., ...,    0.,    0.,    0.],
         [   0.,    0.,    0., ...,    0.,    0.,    0.],
         [   0.,    0.,    0., ...,    0.,    0.,    0.]]]], dtype=float32), array([[[[-128., -128., -128., ..., -128., -128., -128.],
         [-128., -128., -128., ..., -128., -128., -128.],
         [-128., -128., -128., ..., -128., -128., -128.],
         ...,
         [-128., -128., -128., ..., -128., -128., -128.],
         [-128., -128., -128., ..., -128., -128., -128.],
         [-128., -128., -128., ..., -128., -128., -128.]],

        [[   0.,    0.,    0., ...,    0.,    0.,    0.],
         [   0.,    0.,    0., ...,    0.,    0.,    0.],
         [   0.,    0.,    0., ...,    0.,    0.,    0.],
         ...,
         [   0.,    0.,    0., ...,    0.,    0.,    0.],
         [   0.,    0.,    0., ...,    0.,    0.,    0.],
         [   0.,    0.,    0., ...,    0.,    0.,    0.]],

        [[   0.,    0.,    0., ...,    0.,    0.,    0.],
         [   0.,    0.,    0., ...,    0.,    0.,    0.],
         [   0.,    0.,    0., ...,    0.,    0.,    0.],
         ...,
         [   0.,    0.,    0., ...,    0.,    0.,    0.],
         [   0.,    0.,    0., ...,    0.,    0.,    0.],
         [   0.,    0.,    0., ...,    0.,    0.,    0.]]]], dtype=float32), array([[[[-128., -128., -128., ..., -128., -128., -128.],
         [-128., -128., -128., ..., -128., -128., -128.],
         [-128., -128., -128., ..., -128., -128., -128.],
         ...,
         [-128., -128., -128., ..., -128., -128., -128.],
         [-128., -128., -128., ..., -128., -128., -128.],
         [-128., -128., -128., ..., -128., -128., -128.]],

        [[   0.,    0.,    0., ...,    0.,    0.,    0.],
         [   0.,    0.,    0., ...,    0.,    0.,    0.],
         [   0.,    0.,    0., ...,    0.,    0.,    0.],
         ...,
         [   0.,    0.,    0., ...,    0.,    0.,    0.],
         [   0.,    0.,    0., ...,    0.,    0.,    0.],
         [   0.,    0.,    0., ...,    0.,    0.,    0.]],

        [[   0.,    0.,    0., ...,    0.,    0.,    0.],
         [   0.,    0.,    0., ...,    0.,    0.,    0.],
         [   0.,    0.,    0., ...,    0.,    0.,    0.],
         ...,
         [   0.,    0.,    0., ...,    0.,    0.,    0.],
         [   0.,    0.,    0., ...,    0.,    0.,    0.],
         [   0.,    0.,    0., ...,    0.,    0.,    0.]]]], dtype=float32), array([[[[-128., -128., -128., ..., -128., -128., -128.],
         [-128., -128., -128., ..., -128., -128., -128.],
         [-128., -128., -128., ..., -128., -128., -128.],
         ...,
         [-128., -128., -128., ..., -128., -128., -128.],
         [-128., -128., -128., ..., -128., -128., -128.],
         [-128., -128., -128., ..., -128., -128., -128.]],

        [[   0.,    0.,    0., ...,    0.,    0.,    0.],
         [   0.,    0.,    0., ...,    0.,    0.,    0.],
         [   0.,    0.,    0., ...,    0.,    0.,    0.],
         ...,
         [   0.,    0.,    0., ...,    0.,    0.,    0.],
         [   0.,    0.,    0., ...,    0.,    0.,    0.],
         [   0.,    0.,    0., ...,    0.,    0.,    0.]],

        [[   0.,    0.,    0., ...,    0.,    0.,    0.],
         [   0.,    0.,    0., ...,    0.,    0.,    0.],
         [   0.,    0.,    0., ...,    0.,    0.,    0.],
         ...,
         [   0.,    0.,    0., ...,    0.,    0.,    0.],
         [   0.,    0.,    0., ...,    0.,    0.,    0.],
         [   0.,    0.,    0., ...,    0.,    0.,    0.]]]], dtype=float32), array([[[[-128., -128., -128., ..., -128., -128., -128.],
         [-128., -128., -128., ..., -128., -128., -128.],
         [-128., -128., -128., ..., -128., -128., -128.],
         ...,
         [-128., -128., -128., ..., -128., -128., -128.],
         [-128., -128., -128., ..., -128., -128., -128.],
         [-128., -128., -128., ..., -128., -128., -128.]],

        [[   0.,    0.,    0., ...,    0.,    0.,    0.],
         [   0.,    0.,    0., ...,    0.,    0.,    0.],
         [   0.,    0.,    0., ...,    0.,    0.,    0.],
         ...,
         [   0.,    0.,    0., ...,    0.,    0.,    0.],
         [   0.,    0.,    0., ...,    0.,    0.,    0.],
         [   0.,    0.,    0., ...,    0.,    0.,    0.]],

        [[   0.,    0.,    0., ...,    0.,    0.,    0.],
         [   0.,    0.,    0., ...,    0.,    0.,    0.],
         [   0.,    0.,    0., ...,    0.,    0.,    0.],
         ...,
         [   0.,    0.,    0., ...,    0.,    0.,    0.],
         [   0.,    0.,    0., ...,    0.,    0.,    0.],
         [   0.,    0.,    0., ...,    0.,    0.,    0.]]]], dtype=float32), array([[[[-128., -128., -128., ..., -128., -128., -128.],
         [-128., -128., -128., ..., -128., -128., -128.],
         [-128., -128., -128., ..., -128., -128., -128.],
         ...,
         [-128., -128., -128., ..., -128., -128., -128.],
         [-128., -128., -128., ..., -128., -128., -128.],
         [-128., -128., -128., ..., -128., -128., -128.]],

        [[   0.,    0.,    0., ...,    0.,    0.,    0.],
         [   0.,    0.,    0., ...,    0.,    0.,    0.],
         [   0.,    0.,    0., ...,    0.,    0.,    0.],
         ...,
         [   0.,    0.,    0., ...,    0.,    0.,    0.],
         [   0.,    0.,    0., ...,    0.,    0.,    0.],
         [   0.,    0.,    0., ...,    0.,    0.,    0.]],

        [[   0.,    0.,    0., ...,    0.,    0.,    0.],
         [   0.,    0.,    0., ...,    0.,    0.,    0.],
         [   0.,    0.,    0., ...,    0.,    0.,    0.],
         ...,
         [   0.,    0.,    0., ...,    0.,    0.,    0.],
         [   0.,    0.,    0., ...,    0.,    0.,    0.],
         [   0.,    0.,    0., ...,    0.,    0.,    0.]]]], dtype=float32), array([[[[-128., -128., -128., ..., -128., -128., -128.],
         [-128., -128., -128., ..., -128., -128., -128.],
         [-128., -128., -128., ..., -128., -128., -128.],
         ...,
         [-128., -128., -128., ..., -128., -128., -128.],
         [-128., -128., -128., ..., -128., -128., -128.],
         [-128., -128., -128., ..., -128., -128., -128.]],

        [[   0.,    0.,    0., ...,    0.,    0.,    0.],
         [   0.,    0.,    0., ...,    0.,    0.,    0.],
         [   0.,    0.,    0., ...,    0.,    0.,    0.],
         ...,
         [   0.,    0.,    0., ...,    0.,    0.,    0.],
         [   0.,    0.,    0., ...,    0.,    0.,    0.],
         [   0.,    0.,    0., ...,    0.,    0.,    0.]],

        [[   0.,    0.,    0., ...,    0.,    0.,    0.],
         [   0.,    0.,    0., ...,    0.,    0.,    0.],
         [   0.,    0.,    0., ...,    0.,    0.,    0.],
         ...,
         [   0.,    0.,    0., ...,    0.,    0.,    0.],
         [   0.,    0.,    0., ...,    0.,    0.,    0.],
         [   0.,    0.,    0., ...,    0.,    0.,    0.]]]], dtype=float32), array([[[[-128., -128., -128., ..., -128., -128., -128.],
         [-128., -128., -128., ..., -128., -128., -128.],
         [-128., -128., -128., ..., -128., -128., -128.],
         ...,
         [-128., -128., -128., ..., -128., -128., -128.],
         [-128., -128., -128., ..., -128., -128., -128.],
         [-128., -128., -128., ..., -128., -128., -128.]],

        [[   0.,    0.,    0., ...,    0.,    0.,    0.],
         [   0.,    0.,    0., ...,    0.,    0.,    0.],
         [   0.,    0.,    0., ...,    0.,    0.,    0.],
         ...,
         [   0.,    0.,    0., ...,    0.,    0.,    0.],
         [   0.,    0.,    0., ...,    0.,    0.,    0.],
         [   0.,    0.,    0., ...,    0.,    0.,    0.]],

        [[   0.,    0.,    0., ...,    0.,    0.,    0.],
         [   0.,    0.,    0., ...,    0.,    0.,    0.],
         [   0.,    0.,    0., ...,    0.,    0.,    0.],
         ...,
         [   0.,    0.,    0., ...,    0.,    0.,    0.],
         [   0.,    0.,    0., ...,    0.,    0.,    0.],
         [   0.,    0.,    0., ...,    0.,    0.,    0.]]]], dtype=float32), array([[[[-128., -128., -128., ..., -128., -128., -128.],
         [-128., -128., -128., ..., -128., -128., -128.],
         [-128., -128., -128., ..., -128., -128., -128.],
         ...,
         [-128., -128., -128., ..., -128., -128., -128.],
         [-128., -128., -128., ..., -128., -128., -128.],
         [-128., -128., -128., ..., -128., -128., -128.]],

        [[   0.,    0.,    0., ...,    0.,    0.,    0.],
         [   0.,    0.,    0., ...,    0.,    0.,    0.],
         [   0.,    0.,    0., ...,    0.,    0.,    0.],
         ...,
         [   0.,    0.,    0., ...,    0.,    0.,    0.],
         [   0.,    0.,    0., ...,    0.,    0.,    0.],
         [   0.,    0.,    0., ...,    0.,    0.,    0.]],

        [[   0.,    0.,    0., ...,    0.,    0.,    0.],
         [   0.,    0.,    0., ...,    0.,    0.,    0.],
         [   0.,    0.,    0., ...,    0.,    0.,    0.],
         ...,
         [   0.,    0.,    0., ...,    0.,    0.,    0.],
         [   0.,    0.,    0., ...,    0.,    0.,    0.],
         [   0.,    0.,    0., ...,    0.,    0.,    0.]]]], dtype=float32)]}}, 'hbdk_dict': {'hbdk_pass_through_params': '--O3 --debug --core-num 1 --fast --jobs 2 ', 'input-source': {'images': 'pyramid', '_default_value': 'ddr'}}, 'node_dict': {}, 'check_mode': False, 'optimization': ['set_Softmax_input_int8,set_Softmax_output_int8']}
2026-08-02 11:46:05,108 file: model_builder.py func: model_builder line No: 35 Start to Horizon NN Model Convert.
2026-08-02 11:46:05,199 file: model_debugger.py func: model_debugger line No: 67 Loading horizon_nn debug methods:set()
2026-08-02 11:46:05,200 file: quantization_config.py func: quantization_config line No: 305 The activation calibration parameters:
    calibration_type:     ['max', 'kl']
    max_percentile:       [0.99995, 1.0]
    per_channel:          [True, False]
    asymmetric:           [True, False]
The modelwise search parameters:
    similarity:           0.995
    metric:               cosine-similarity
The input of all Softmax nodes are set to : int8
2026-08-02 11:46:05,200 file: input_dict_parser.py func: input_dict_parser line No: 240 input images is from pyramid. Its layout is set to NHWC
2026-08-02 11:46:05,200 file: model_builder.py func: model_builder line No: 197 The specified model compilation architecture: bayes-e.
2026-08-02 11:46:05,200 file: model_builder.py func: model_builder line No: 207 The specified model compilation optimization parameters: [].
2026-08-02 11:46:05,200 file: model_builder.py func: model_builder line No: 35 Start to prepare the onnx model.
2026-08-02 11:46:05,220 file: prepare.py func: prepare line No: 106 Input ONNX Model Information:
ONNX IR version:          6
Opset version:            ['ai.onnx v11', 'horizon v1']
Producer:                 pytorch v2.10.0
Domain:                   None
Version:                  None
Graph input:
    images:               shape=[1, 3, 640, 640], dtype=FLOAT32
Graph output:
    s8_cls:               shape=[1, 80, 80, 4], dtype=FLOAT32
    s8_box:               shape=[1, 80, 80, 64], dtype=FLOAT32
    s16_cls:              shape=[1, 40, 40, 4], dtype=FLOAT32
    s16_box:              shape=[1, 40, 40, 64], dtype=FLOAT32
    s32_cls:              shape=[1, 20, 20, 4], dtype=FLOAT32
    s32_box:              shape=[1, 20, 20, 64], dtype=FLOAT32
2026-08-02 11:46:06,169 file: model_builder.py func: model_builder line No: 38 End to prepare the onnx model.
2026-08-02 11:46:06,273 file: model_builder.py func: model_builder line No: 265 Saving model to: best_yolov8s_bpu_bayese_640x640_nv12_original_float_model.onnx.
2026-08-02 11:46:06,273 file: model_builder.py func: model_builder line No: 35 Start to optimize the onnx model.
2026-08-02 11:46:08,518 file: constant_folding.py func: constant_folding line No: 66 Summary info for constant_folding:
2026-08-02 11:46:08,519 file: constant_folding.py func: constant_folding line No: 67   After constant_folding, the number of nodes has changed from 324 to 224.
2026-08-02 11:46:08,519 file: constant_folding.py func: constant_folding line No: 71   After constant_folding, the number of parameters has changed from 11127184 to 11127168.
2026-08-02 11:46:08,519 file: constant_folding.py func: constant_folding line No: 76 Detailed info for constant_folding:
2026-08-02 11:46:08,519 file: constant_folding.py func: constant_folding line No: 88   After folding node (op_name: /model.2/Mul, op_type: Mul), the number of increased parameters is 0.
  After folding node (op_name: /model.4/Mul, op_type: Mul), the number of increased parameters is 0.
  After folding node (op_name: /model.6/Mul, op_type: Mul), the number of increased parameters is 0.
  After folding node (op_name: /model.15/Mul, op_type: Mul), the number of increased parameters is 0.
  After folding node (op_name: /model.8/Mul, op_type: Mul), the number of increased parameters is 0.
  After folding node (op_name: /model.12/Mul, op_type: Mul), the number of increased parameters is 0.
  After folding node (op_name: /model.18/Mul, op_type: Mul), the number of increased parameters is 0.
  After folding node (op_name: /model.21/Mul, op_type: Mul), the number of increased parameters is 0.
  After folding node (op_name: /model.2/Add, op_type: Add), the number of increased parameters is -1.
  After folding node (op_name: /model.2/Div, op_type: Div), the number of increased parameters is -1.
  After folding node (op_name: /model.2/Mul_1, op_type: Mul), the number of increased parameters is -1.
  After folding node (op_name: /model.4/Add, op_type: Add), the number of increased parameters is -1.
  After folding node (op_name: /model.4/Div, op_type: Div), the number of increased parameters is -1.
  After folding node (op_name: /model.4/Mul_1, op_type: Mul), the number of increased parameters is -1.
  After folding node (op_name: /model.6/Add, op_type: Add), the number of increased parameters is -1.
  After folding node (op_name: /model.6/Div, op_type: Div), the number of increased parameters is -1.
  After folding node (op_name: /model.6/Mul_1, op_type: Mul), the number of increased parameters is -1.
  After folding node (op_name: /model.15/Add, op_type: Add), the number of increased parameters is -1.
  After folding node (op_name: /model.15/Div, op_type: Div), the number of increased parameters is -1.
  After folding node (op_name: /model.15/Mul_1, op_type: Mul), the number of increased parameters is -1.
  After folding node (op_name: /model.8/Add, op_type: Add), the number of increased parameters is -1.
  After folding node (op_name: /model.8/Div, op_type: Div), the number of increased parameters is -1.
  After folding node (op_name: /model.8/Mul_1, op_type: Mul), the number of increased parameters is -1.
  After folding node (op_name: /model.12/Add, op_type: Add), the number of increased parameters is -1.
  After folding node (op_name: /model.12/Div, op_type: Div), the number of increased parameters is -1.
  After folding node (op_name: /model.12/Mul_1, op_type: Mul), the number of increased parameters is -1.
  After folding node (op_name: /model.18/Add, op_type: Add), the number of increased parameters is -1.
  After folding node (op_name: /model.18/Div, op_type: Div), the number of increased parameters is -1.
  After folding node (op_name: /model.18/Mul_1, op_type: Mul), the number of increased parameters is -1.
  After folding node (op_name: /model.21/Add, op_type: Add), the number of increased parameters is -1.
  After folding node (op_name: /model.21/Div, op_type: Div), the number of increased parameters is -1.
  After folding node (op_name: /model.21/Mul_1, op_type: Mul), the number of increased parameters is -1.
  After folding node (op_name: /model.2/Gather, op_type: Gather), the number of increased parameters is -3.
  After folding node (op_name: /model.4/Gather, op_type: Gather), the number of increased parameters is -3.
  After folding node (op_name: /model.6/Gather, op_type: Gather), the number of increased parameters is -3.
  After folding node (op_name: /model.15/Gather, op_type: Gather), the number of increased parameters is -3.
  After folding node (op_name: /model.8/Gather, op_type: Gather), the number of increased parameters is -3.
  After folding node (op_name: /model.12/Gather, op_type: Gather), the number of increased parameters is -3.
  After folding node (op_name: /model.18/Gather, op_type: Gather), the number of increased parameters is -3.
  After folding node (op_name: /model.21/Gather, op_type: Gather), the number of increased parameters is -3.
2026-08-02 11:46:08,896 file: model_builder.py func: model_builder line No: 38 End to optimize the onnx model.
2026-08-02 11:46:08,956 file: model_builder.py func: model_builder line No: 265 Saving model to: best_yolov8s_bpu_bayese_640x640_nv12_optimized_float_model.onnx.
2026-08-02 11:46:08,956 file: model_builder.py func: model_builder line No: 35 Start to calibrate the model.
2026-08-02 11:46:09,171 file: calibration_data_set.py func: calibration_data_set line No: 111 input name: images,  number_of_samples: 32
2026-08-02 11:46:09,171 file: calibration_data_set.py func: calibration_data_set line No: 123 There are 32 samples in the data set.
2026-08-02 11:46:09,172 file: infer_thresholds.py func: infer_thresholds line No: 84 Run calibration model with modelwise search method.
2026-08-02 11:46:09,670 file: base.py func: base line No: 138 Calibration using batch 8
2026-08-02 11:47:14,834 file: modelwise_search.py func: modelwise_search line No: 75 Select max-percentile:percentile=0.99995 method.
2026-08-02 11:47:16,507 file: model_builder.py func: model_builder line No: 38 End to calibrate the model.
2026-08-02 11:47:16,677 file: model_builder.py func: model_builder line No: 265 Saving model to: best_yolov8s_bpu_bayese_640x640_nv12_calibrated_model.onnx.
2026-08-02 11:47:16,677 file: model_builder.py func: model_builder line No: 35 Start to quantize the model.
2026-08-02 11:47:19,365 file: constant_folding.py func: constant_folding line No: 66 Summary info for constant_folding:
2026-08-02 11:47:19,366 file: constant_folding.py func: constant_folding line No: 67   After constant_folding, the number of nodes has changed from 190 to 190.
2026-08-02 11:47:19,366 file: constant_folding.py func: constant_folding line No: 71   After constant_folding, the number of parameters has changed from 11152187 to 11152187.
2026-08-02 11:47:19,366 file: constant_folding.py func: constant_folding line No: 76 Detailed info for constant_folding:
2026-08-02 11:47:19,366 file: constant_folding.py func: constant_folding line No: 88 
2026-08-02 11:47:19,547 file: model_builder.py func: model_builder line No: 38 End to quantize the model.
2026-08-02 11:47:19,603 file: model_builder.py func: model_builder line No: 265 Saving model to: best_yolov8s_bpu_bayese_640x640_nv12_quantized_model.onnx.
2026-08-02 11:47:19,604 file: model_builder.py func: model_builder line No: 35 Start to compile the model with march bayes-e.
2026-08-02 11:47:19,926 file: hybrid_build.py func: hybrid_build line No: 111 Compile submodel: main_graph_subgraph_0
2026-08-02 11:47:19,980 file: hbdk_cc.py func: hbdk_cc line No: 126 hbdk-cc parameters:['--O3', '--debug', '--core-num', '1', '--fast', '--jobs', '2', '--input-layout', 'NHWC', '--output-layout', 'NHWC', '--input-source', 'pyramid']
2026-08-02 11:47:19,980 file: hbdk_cc.py func: hbdk_cc line No: 127 hbdk-cc command used:hbdk-cc -f hbir -m /tmp/tmpx03owzse/main_graph_subgraph_0.hbir -o /tmp/tmpx03owzse/main_graph_subgraph_0.hbm --march bayes-e --progressbar --O3 --debug --core-num 1 --fast --jobs 2 --input-layout NHWC --output-layout NHWC --input-source pyramid
2026-08-02 11:56:49,593 file: tool_utils.py func: tool_utils line No: 326 consumed time 569.464
2026-08-02 11:56:50,304 file: tool_utils.py func: tool_utils line No: 326 FPS=96.76, latency = 10335.4 us, DDR = 39939712 bytes   (see main_graph_subgraph_0.html)
2026-08-02 11:56:50,647 file: model_builder.py func: model_builder line No: 38 End to compile the model with march bayes-e.
2026-08-02 11:56:56,673 file: print_info_dict.py func: print_info_dict line No: 72 The main quantized node information:
======================================================================================================================================
Node                                                ON   Subgraph  Type                       Cosine Similarity  Threshold  DataType  
--------------------------------------------------------------------------------------------------------------------------------------
HZ_PREPROCESS_FOR_images                            BPU  id(0)     HzSQuantizedPreprocess     0.999984           127.0      int8      
/model.0/conv/Conv                                  BPU  id(0)     HzSQuantizedConv           0.999339           1.03847    int8      
/model.0/act/Mul                                    BPU  id(0)     HzLut                      0.997826           50.2862    int8      
/model.1/conv/Conv                                  BPU  id(0)     HzSQuantizedConv           0.997435           43.3882    int8      
/model.1/act/Mul                                    BPU  id(0)     HzLut                      0.996705           50.2402    int8      
/model.2/cv1/conv/Conv                              BPU  id(0)     HzSQuantizedConv           0.996965           38.3225    int8      
/model.2/cv1/act/Mul                                BPU  id(0)     HzLut                      0.993936           42.2227    int8      
/model.2/Slice                                      BPU  id(0)     Slice                      0.993267           42.2227    int8      
/model.2/Slice_1                                    BPU  id(0)     Slice                      0.994956           42.2227    int8      
/model.2/m.0/cv1/conv/Conv                          BPU  id(0)     HzSQuantizedConv           0.989567           42.2227    int8      
/model.2/m.0/cv1/act/Mul                            BPU  id(0)     HzLut                      0.991391           21.2312    int8      
/model.2/m.0/cv2/conv/Conv                          BPU  id(0)     HzSQuantizedConv           0.993041           15.0321    int8      
/model.2/m.0/cv2/act/Mul                            BPU  id(0)     HzLut                      0.994094           16.2434    int8      
/model.2/m.0/Add                                    BPU  id(0)     HzSElementwiseAdd          0.995808           42.2227    int8      
/model.2/Slice_output_0_calibrated_Requantize       BPU  id(0)     HzRequantize               --                 --         int8      
/model.2/Slice_1_output_0_calibrated_Requantize     BPU  id(0)     HzRequantize               --                 --         int8      
/model.2/Concat                                     BPU  id(0)     Concat                     0.994979           42.2227    int8      
/model.2/cv2/conv/Conv                              BPU  id(0)     HzSQuantizedConv           0.990342           16.9772    int8      
/model.2/cv2/act/Mul                                BPU  id(0)     HzLut                      0.988687           13.6904    int8      
/model.3/conv/Conv                                  BPU  id(0)     HzSQuantizedConv           0.993220           10.2563    int8      
/model.3/act/Mul                                    BPU  id(0)     HzLut                      0.992100           7.43732    int8      
/model.4/cv1/conv/Conv                              BPU  id(0)     HzSQuantizedConv           0.993159           6.99444    int8      
/model.4/cv1/act/Mul                                BPU  id(0)     HzLut                      0.991868           9.14703    int8      
/model.4/Slice                                      BPU  id(0)     Slice                      0.989985           9.14605    int8      
/model.4/Slice_1                                    BPU  id(0)     Slice                      0.994988           9.14605    int8      
/model.4/m.0/cv1/conv/Conv                          BPU  id(0)     HzSQuantizedConv           0.995124           9.14605    int8      
/model.4/m.0/cv1/act/Mul                            BPU  id(0)     HzLut                      0.991402           6.85474    int8      
/model.4/m.0/cv2/conv/Conv                          BPU  id(0)     HzSQuantizedConv           0.992739           4.73925    int8      
/model.4/m.0/cv2/act/Mul                            BPU  id(0)     HzLut                      0.990906           6.92411    int8      
/model.4/m.0/Add                                    BPU  id(0)     HzSElementwiseAdd          0.994208           9.14605    int8      
/model.4/m.1/cv1/conv/Conv                          BPU  id(0)     HzSQuantizedConv           0.995727           5.208      int8      
/model.4/m.1/cv1/act/Mul                            BPU  id(0)     HzLut                      0.989181           6.58039    int8      
/model.4/m.1/cv2/conv/Conv                          BPU  id(0)     HzSQuantizedConv           0.989994           3.60121    int8      
/model.4/m.1/cv2/act/Mul                            BPU  id(0)     HzLut                      0.988886           9.34704    int8      
/model.4/m.1/Add                                    BPU  id(0)     HzSElementwiseAdd          0.992797           5.208      int8      
/model.4/Slice_output_0_calibrated_Requantize       BPU  id(0)     HzRequantize               --                 --         int8      
/model.4/Slice_1_output_0_calibrated_Requantize     BPU  id(0)     HzRequantize               --                 --         int8      
/model.4/m.0/Add_output_0_calibrated_Requantize     BPU  id(0)     HzRequantize               --                 --         int8      
/model.4/Concat                                     BPU  id(0)     Concat                     0.992712           9.14605    int8      
/model.4/cv2/conv/Conv                              BPU  id(0)     HzSQuantizedConv           0.992007           7.78029    int8      
/model.4/cv2/act/Mul                                BPU  id(0)     HzLut                      0.988848           8.71997    int8      
/model.5/conv/Conv                                  BPU  id(0)     HzSQuantizedConv           0.994743           6.81366    int8      
/model.5/act/Mul                                    BPU  id(0)     HzLut                      0.990005           7.81398    int8      
/model.6/cv1/conv/Conv                              BPU  id(0)     HzSQuantizedConv           0.993945           6.56729    int8      
/model.6/cv1/act/Mul                                BPU  id(0)     HzLut                      0.989970           10.7344    int8      
/model.6/Slice                                      BPU  id(0)     Slice                      0.989047           10.7342    int8      
/model.6/Slice_1                                    BPU  id(0)     Slice                      0.992318           10.7342    int8      
/model.6/m.0/cv1/conv/Conv                          BPU  id(0)     HzSQuantizedConv           0.995725           10.7342    int8      
/model.6/m.0/cv1/act/Mul                            BPU  id(0)     HzLut                      0.988126           8.05978    int8      
/model.6/m.0/cv2/conv/Conv                          BPU  id(0)     HzSQuantizedConv           0.994564           5.43159    int8      
/model.6/m.0/cv2/act/Mul                            BPU  id(0)     HzLut                      0.989850           7.5897     int8      
/model.6/m.0/Add                                    BPU  id(0)     HzSElementwiseAdd          0.991287           10.7342    int8      
/model.6/m.1/cv1/conv/Conv                          BPU  id(0)     HzSQuantizedConv           0.996831           6.15463    int8      
/model.6/m.1/cv1/act/Mul                            BPU  id(0)     HzLut                      0.989219           7.88307    int8      
/model.6/m.1/cv2/conv/Conv                          BPU  id(0)     HzSQuantizedConv           0.992718           5.84687    int8      
/model.6/m.1/cv2/act/Mul                            BPU  id(0)     HzLut                      0.990206           15.8872    int8      
/model.6/m.1/Add                                    BPU  id(0)     HzSElementwiseAdd          0.990840           6.15463    int8      
/model.6/Slice_output_0_calibrated_Requantize       BPU  id(0)     HzRequantize               --                 --         int8      
/model.6/Slice_1_output_0_calibrated_Requantize     BPU  id(0)     HzRequantize               --                 --         int8      
/model.6/m.0/Add_output_0_calibrated_Requantize     BPU  id(0)     HzRequantize               --                 --         int8      
/model.6/Concat                                     BPU  id(0)     Concat                     0.990382           10.7342    int8      
/model.6/cv2/conv/Conv                              BPU  id(0)     HzSQuantizedConv           0.995440           11.2791    int8      
/model.6/cv2/act/Mul                                BPU  id(0)     HzLut                      0.988798           8.72414    int8      
/model.7/conv/Conv                                  BPU  id(0)     HzSQuantizedConv           0.996379           7.44088    int8      
/model.7/act/Mul                                    BPU  id(0)     HzLut                      0.990370           10.619     int8      
/model.8/cv1/conv/Conv                              BPU  id(0)     HzSQuantizedConv           0.995092           10.4239    int8      
/model.8/cv1/act/Mul                                BPU  id(0)     HzLut                      0.987401           18.5772    int8      
/model.8/Slice                                      BPU  id(0)     Slice                      0.988252           18.5772    int8      
/model.8/Slice_1                                    BPU  id(0)     Slice                      0.985747           18.5772    int8      
/model.8/m.0/cv1/conv/Conv                          BPU  id(0)     HzSQuantizedConv           0.993227           18.5772    int8      
/model.8/m.0/cv1/act/Mul                            BPU  id(0)     HzLut                      0.977169           24.0683    int8      
/model.8/m.0/cv2/conv/Conv                          BPU  id(0)     HzSQuantizedConv           0.968520           23.9228    int8      
/model.8/m.0/cv2/act/Mul                            BPU  id(0)     HzLut                      0.961539           38.2788    int8      
/model.8/m.0/Add                                    BPU  id(0)     HzSElementwiseAdd          0.959787           18.5772    int8      
/model.8/Slice_output_0_calibrated_Requantize       BPU  id(0)     HzRequantize               --                 --         int8      
/model.8/Slice_1_output_0_calibrated_Requantize     BPU  id(0)     HzRequantize               --                 --         int8      
/model.8/Concat                                     BPU  id(0)     Concat                     0.970201           18.5772    int8      
/model.8/cv2/conv/Conv                              BPU  id(0)     HzSQuantizedConv           0.985794           25.6963    int8      
/model.8/cv2/act/Mul                                BPU  id(0)     HzLut                      0.977510           26.3668    int8      
/model.9/cv1/conv/Conv                              BPU  id(0)     HzSQuantizedConv           0.994060           21.4406    int8      
/model.9/cv1/act/Mul                                BPU  id(0)     HzLut                      0.991853           21.1097    int8      
/model.9/m/MaxPool                                  BPU  id(0)     HzQuantizedMaxPool         0.996268           34.845     int8      
/model.9/m_1/MaxPool                                BPU  id(0)     HzQuantizedMaxPool         0.997079           34.845     int8      
/model.9/m_2/MaxPool                                BPU  id(0)     HzQuantizedMaxPool         0.997246           34.845     int8      
/model.9/Concat                                     BPU  id(0)     Concat                     0.996628           34.845     int8      
/model.9/cv2/conv/Conv                              BPU  id(0)     HzSQuantizedConv           0.997358           34.845     int8      
/model.9/cv2/act/Mul                                BPU  id(0)     HzLut                      0.985314           11.9504    int8      
/model.10/Resize                                    BPU  id(0)     HzQuantizedResizeUpsample  0.985365           6.26568    int8      
/model.10/Resize_output_0_calibrated_Requantize     BPU  id(0)     HzRequantize               --                 --         int8      
...el.6/cv2/act/Mul_output_0_calibrated_Requantize  BPU  id(0)     HzRequantize               --                 --         int8      
/model.11/Concat                                    BPU  id(0)     Concat                     0.987086           6.26568    int8      
/model.12/cv1/conv/Conv                             BPU  id(0)     HzSQuantizedConv           0.994436           5.91138    int8      
/model.12/cv1/act/Mul                               BPU  id(0)     HzLut                      0.989319           11.0805    int8      
/model.12/Slice                                     BPU  id(0)     Slice                      0.985006           11.0803    int8      
/model.12/Slice_1                                   BPU  id(0)     Slice                      0.992130           11.0803    int8      
/model.12/m.0/cv1/conv/Conv                         BPU  id(0)     HzSQuantizedConv           0.995713           11.0803    int8      
/model.12/m.0/cv1/act/Mul                           BPU  id(0)     HzLut                      0.987447           9.51859    int8      
/model.12/m.0/cv2/conv/Conv                         BPU  id(0)     HzSQuantizedConv           0.992435           7.70621    int8      
/model.12/m.0/cv2/act/Mul                           BPU  id(0)     HzLut                      0.988103           11.7024    int8      
/model.12/Slice_output_0_calibrated_Requantize      BPU  id(0)     HzRequantize               --                 --         int8      
/model.12/Slice_1_output_0_calibrated_Requantize    BPU  id(0)     HzRequantize               --                 --         int8      
/model.12/Concat                                    BPU  id(0)     Concat                     0.988273           11.0803    int8      
/model.12/cv2/conv/Conv                             BPU  id(0)     HzSQuantizedConv           0.994494           8.3275     int8      
/model.12/cv2/act/Mul                               BPU  id(0)     HzLut                      0.987588           10.497     int8      
/model.13/Resize                                    BPU  id(0)     HzQuantizedResizeUpsample  0.987626           8.18464    int8      
/model.13/Resize_output_0_calibrated_Requantize     BPU  id(0)     HzRequantize               --                 --         int8      
...el.4/cv2/act/Mul_output_0_calibrated_Requantize  BPU  id(0)     HzRequantize               --                 --         int8      
/model.14/Concat                                    BPU  id(0)     Concat                     0.987611           8.18464    int8      
/model.15/cv1/conv/Conv                             BPU  id(0)     HzSQuantizedConv           0.994963           6.52481    int8      
/model.15/cv1/act/Mul                               BPU  id(0)     HzLut                      0.993543           6.63889    int8      
/model.15/Slice                                     BPU  id(0)     Slice                      0.989113           6.63022    int8      
/model.15/Slice_1                                   BPU  id(0)     Slice                      0.995430           6.63022    int8      
/model.15/m.0/cv1/conv/Conv                         BPU  id(0)     HzSQuantizedConv           0.994390           6.63022    int8      
/model.15/m.0/cv1/act/Mul                           BPU  id(0)     HzLut                      0.992924           6.30578    int8      
/model.15/m.0/cv2/conv/Conv                         BPU  id(0)     HzSQuantizedConv           0.989982           4.74542    int8      
/model.15/m.0/cv2/act/Mul                           BPU  id(0)     HzLut                      0.987693           9.2287     int8      
/model.15/Slice_output_0_calibrated_Requantize      BPU  id(0)     HzRequantize               --                 --         int8      
/model.15/Slice_1_output_0_calibrated_Requantize    BPU  id(0)     HzRequantize               --                 --         int8      
/model.15/Concat                                    BPU  id(0)     Concat                     0.990813           6.63022    int8      
/model.15/cv2/conv/Conv                             BPU  id(0)     HzSQuantizedConv           0.994732           6.6564     int8      
/model.15/cv2/act/Mul                               BPU  id(0)     HzLut                      0.991162           7.66063    int8      
/model.16/conv/Conv                                 BPU  id(0)     HzSQuantizedConv           0.988728           4.86505    int8      
/model.16/act/Mul                                   BPU  id(0)     HzLut                      0.980252           10.4525    int8      
/model.17/Concat                                    BPU  id(0)     Concat                     0.983304           8.18464    int8      
/model.18/cv1/conv/Conv                             BPU  id(0)     HzSQuantizedConv           0.989775           8.18464    int8      
/model.18/cv1/act/Mul                               BPU  id(0)     HzLut                      0.982234           11.6315    int8      
/model.18/Slice                                     BPU  id(0)     Slice                      0.979040           11.6314    int8      
/model.18/Slice_1                                   BPU  id(0)     Slice                      0.984256           11.6314    int8      
/model.18/m.0/cv1/conv/Conv                         BPU  id(0)     HzSQuantizedConv           0.993572           11.6314    int8      
/model.18/m.0/cv1/act/Mul                           BPU  id(0)     HzLut                      0.988826           7.49872    int8      
/model.18/m.0/cv2/conv/Conv                         BPU  id(0)     HzSQuantizedConv           0.986835           5.41287    int8      
/model.18/m.0/cv2/act/Mul                           BPU  id(0)     HzLut                      0.981585           12.69      int8      
/model.18/Slice_output_0_calibrated_Requantize      BPU  id(0)     HzRequantize               --                 --         int8      
/model.18/Slice_1_output_0_calibrated_Requantize    BPU  id(0)     HzRequantize               --                 --         int8      
/model.18/Concat                                    BPU  id(0)     Concat                     0.981616           11.6314    int8      
/model.18/cv2/conv/Conv                             BPU  id(0)     HzSQuantizedConv           0.989796           10.1886    int8      
/model.18/cv2/act/Mul                               BPU  id(0)     HzLut                      0.980859           15.3511    int8      
/model.19/conv/Conv                                 BPU  id(0)     HzSQuantizedConv           0.987809           6.35994    int8      
/model.19/act/Mul                                   BPU  id(0)     HzLut                      0.981881           7.88051    int8      
/model.20/Concat                                    BPU  id(0)     Concat                     0.983470           6.26568    int8      
/model.21/cv1/conv/Conv                             BPU  id(0)     HzSQuantizedConv           0.991200           6.26568    int8      
/model.21/cv1/act/Mul                               BPU  id(0)     HzLut                      0.982617           11.5305    int8      
/model.21/Slice                                     BPU  id(0)     Slice                      0.981257           11.5304    int8      
/model.21/Slice_1                                   BPU  id(0)     Slice                      0.984695           11.5304    int8      
/model.21/m.0/cv1/conv/Conv                         BPU  id(0)     HzSQuantizedConv           0.993256           11.5304    int8      
/model.21/m.0/cv1/act/Mul                           BPU  id(0)     HzLut                      0.982579           9.4335     int8      
/model.21/m.0/cv2/conv/Conv                         BPU  id(0)     HzSQuantizedConv           0.985270           7.00129    int8      
/model.21/m.0/cv2/act/Mul                           BPU  id(0)     HzLut                      0.979990           10.5062    int8      
/model.21/Slice_output_0_calibrated_Requantize      BPU  id(0)     HzRequantize               --                 --         int8      
/model.21/Slice_1_output_0_calibrated_Requantize    BPU  id(0)     HzRequantize               --                 --         int8      
/model.21/Concat                                    BPU  id(0)     Concat                     0.978492           11.5304    int8      
/model.21/cv2/conv/Conv                             BPU  id(0)     HzSQuantizedConv           0.986789           9.14184    int8      
/model.21/cv2/act/Mul                               BPU  id(0)     HzLut                      0.979625           12.5749    int8      
/model.22/cv3.0/cv3.0.0/conv/Conv                   BPU  id(0)     HzSQuantizedConv           0.993282           4.86505    int8      
/model.22/cv3.0/cv3.0.0/act/Mul                     BPU  id(0)     HzLut                      0.986763           9.956      int8      
/model.22/cv3.0/cv3.0.1/conv/Conv                   BPU  id(0)     HzSQuantizedConv           0.991433           7.24497    int8      
/model.22/cv3.0/cv3.0.1/act/Mul                     BPU  id(0)     HzLut                      0.994050           33.7371    int8      
/model.22/cv3.0/cv3.0.2/Conv                        BPU  id(0)     HzSQuantizedConv           0.999580           22.944     int8      
/model.22/cv2.0/cv2.0.0/conv/Conv                   BPU  id(0)     HzSQuantizedConv           0.991054           4.86505    int8      
/model.22/cv2.0/cv2.0.0/act/Mul                     BPU  id(0)     HzLut                      0.991585           12.4637    int8      
/model.22/cv2.0/cv2.0.1/conv/Conv                   BPU  id(0)     HzSQuantizedConv           0.992037           8.06847    int8      
/model.22/cv2.0/cv2.0.1/act/Mul                     BPU  id(0)     HzLut                      0.993069           21.3756    int8      
/model.22/cv2.0/cv2.0.2/Conv                        BPU  id(0)     HzSQuantizedConv           0.996876           17.8754    int8      
/model.22/cv3.1/cv3.1.0/conv/Conv                   BPU  id(0)     HzSQuantizedConv           0.988815           6.35994    int8      
/model.22/cv3.1/cv3.1.0/act/Mul                     BPU  id(0)     HzLut                      0.984596           13.1326    int8      
/model.22/cv3.1/cv3.1.1/conv/Conv                   BPU  id(0)     HzSQuantizedConv           0.989108           8.86749    int8      
/model.22/cv3.1/cv3.1.1/act/Mul                     BPU  id(0)     HzLut                      0.989501           55.4667    int8      
/model.22/cv3.1/cv3.1.2/Conv                        BPU  id(0)     HzSQuantizedConv           0.999257           47.5028    int8      
/model.22/cv2.1/cv2.1.0/conv/Conv                   BPU  id(0)     HzSQuantizedConv           0.987938           6.35994    int8      
/model.22/cv2.1/cv2.1.0/act/Mul                     BPU  id(0)     HzLut                      0.986763           14.6446    int8      
/model.22/cv2.1/cv2.1.1/conv/Conv                   BPU  id(0)     HzSQuantizedConv           0.988671           7.69015    int8      
/model.22/cv2.1/cv2.1.1/act/Mul                     BPU  id(0)     HzLut                      0.989470           17.6985    int8      
/model.22/cv2.1/cv2.1.2/Conv                        BPU  id(0)     HzSQuantizedConv           0.996095           16.988     int8      
/model.22/cv3.2/cv3.2.0/conv/Conv                   BPU  id(0)     HzSQuantizedConv           0.989422           11.0164    int8      
/model.22/cv3.2/cv3.2.0/act/Mul                     BPU  id(0)     HzLut                      0.986685           12.4737    int8      
/model.22/cv3.2/cv3.2.1/conv/Conv                   BPU  id(0)     HzSQuantizedConv           0.990454           10.5809    int8      
/model.22/cv3.2/cv3.2.1/act/Mul                     BPU  id(0)     HzLut                      0.993061           35.3717    int8      
/model.22/cv3.2/cv3.2.2/Conv                        BPU  id(0)     HzSQuantizedConv           0.999556           32.8526    int8      
/model.22/cv2.2/cv2.2.0/conv/Conv                   BPU  id(0)     HzSQuantizedConv           0.986558           11.0164    int8      
/model.22/cv2.2/cv2.2.0/act/Mul                     BPU  id(0)     HzLut                      0.984015           14.5173    int8      
/model.22/cv2.2/cv2.2.1/conv/Conv                   BPU  id(0)     HzSQuantizedConv           0.985557           11.9329    int8      
/model.22/cv2.2/cv2.2.1/act/Mul                     BPU  id(0)     HzLut                      0.988205           21.1401    int8      
/model.22/cv2.2/cv2.2.2/Conv                        BPU  id(0)     HzSQuantizedConv           0.995520           20.213     int8
2026-08-02 11:56:56,699 file: print_info_dict.py func: print_info_dict line No: 72 The quantized model output:
=============================================================================
Output      Cosine Similarity  L1 Distance  L2 Distance  Chebyshev Distance  
-----------------------------------------------------------------------------
s8_cls      0.999580           0.377473     0.003729     8.739128            
s8_box      0.996876           0.166309     0.000362     3.225936            
s16_cls     0.999257           0.530128     0.009001     6.194027            
s16_box     0.996095           0.224454     0.000980     2.514951            
s32_cls     0.999556           0.283688     0.012915     6.343292            
s32_box     0.995520           0.199713     0.001816     2.097783
2026-08-02 11:56:56,705 file: model_builder.py func: model_builder line No: 38 End to Horizon NN Model Convert.
2026-08-02 11:56:56,829 file: hb_mapper_makertbin.py func: hb_mapper_makertbin line No: 601 start convert to *.bin file....
2026-08-02 11:56:56,865 file: onnx2horizonrt.py func: onnx2horizonrt line No: 4326 ONNX model output num : 6
2026-08-02 11:56:56,875 file: layout_util.py func: layout_util line No: 15 set_featuremap_layout start
2026-08-02 11:56:56,875 file: onnx2horizonrt.py func: onnx2horizonrt line No: 4060 model_deps_info: {'hb_mapper_version': '1.24.3', 'hbdk_version': '3.49.15', 'hbdk_runtime_version': ' 3.15.55.0', 'horizon_nn_version': '1.1.0', 'onnx_model': '/home/ubuntu/lxy/1/best_yolov8s_rdk_x5_bpu_package/model/best_yolov8s_bpu.onnx', 'march': 'bayes-e', 'layer_out_dump': False, 'log_level': 'DEBUG', 'working_dir': '/home/ubuntu/lxy/1/best_yolov8s_rdk_x5_bpu_package/conversion/.mapper_workspace/bpu_model_output', 'model_prefix': 'best_yolov8s_bpu_bayese_640x640_nv12', 'input_names': ['images'], 'input_type_rt': ['nv12'], 'input_space_and_range': ['regular'], 'input_type_train': ['rgb'], 'input_layout_rt': [''], 'input_layout_train': ['NCHW'], 'norm_type': ['data_scale'], 'scale_value': ['0.003921568627451,'], 'mean_value': [''], 'input_shape': ['1x3x640x640'], 'input_batch': [], 'cal_dir': ['/home/ubuntu/lxy/1/best_yolov8s_rdk_x5_bpu_package/conversion/.mapper_workspace/calibration_data'], 'cal_data_type': ['float32'], 'preprocess_on': False, 'calibration_type': 'default', 'per_channel': 'False', 'optimization': ['set_Softmax_input_int8,set_Softmax_output_int8'], 'hbdk_params': {'hbdk_pass_through_params': '--O3 --debug --core-num 1 --fast --jobs 2 ', 'input-source': {'images': 'pyramid', '_default_value': 'ddr'}}, 'debug': True, 'compile_mode': 'latency'}
2026-08-02 11:56:56,876 file: onnx2horizonrt.py func: onnx2horizonrt line No: 4183 ############# model deps info #############
2026-08-02 11:56:56,876 file: onnx2horizonrt.py func: onnx2horizonrt line No: 4184 hb_mapper version   : 1.24.3
2026-08-02 11:56:56,876 file: onnx2horizonrt.py func: onnx2horizonrt line No: 4187 hbdk version        : 3.49.15
2026-08-02 11:56:56,877 file: onnx2horizonrt.py func: onnx2horizonrt line No: 4189 hbdk runtime version: 3.15.55.0
2026-08-02 11:56:56,877 file: onnx2horizonrt.py func: onnx2horizonrt line No: 4192 horizon_nn version  : 1.1.0
2026-08-02 11:56:56,877 file: onnx2horizonrt.py func: onnx2horizonrt line No: 4196 ############# model_parameters info #############
2026-08-02 11:56:56,877 file: onnx2horizonrt.py func: onnx2horizonrt line No: 4202 onnx_model          : /home/ubuntu/lxy/1/best_yolov8s_rdk_x5_bpu_package/model/best_yolov8s_bpu.onnx
2026-08-02 11:56:56,877 file: onnx2horizonrt.py func: onnx2horizonrt line No: 4203 BPU march           : bayes-e
2026-08-02 11:56:56,877 file: onnx2horizonrt.py func: onnx2horizonrt line No: 4204 layer_out_dump      : False
2026-08-02 11:56:56,877 file: onnx2horizonrt.py func: onnx2horizonrt line No: 4205 log_level           : DEBUG
2026-08-02 11:56:56,877 file: onnx2horizonrt.py func: onnx2horizonrt line No: 4206 working dir         : /home/ubuntu/lxy/1/best_yolov8s_rdk_x5_bpu_package/conversion/.mapper_workspace/bpu_model_output
2026-08-02 11:56:56,877 file: onnx2horizonrt.py func: onnx2horizonrt line No: 4207 output_model_file_prefix: best_yolov8s_bpu_bayese_640x640_nv12
2026-08-02 11:56:56,877 file: onnx2horizonrt.py func: onnx2horizonrt line No: 4228 ############# input_parameters info #############
2026-08-02 11:56:56,877 file: onnx2horizonrt.py func: onnx2horizonrt line No: 4246 ------------------------------------------
2026-08-02 11:56:56,877 file: onnx2horizonrt.py func: onnx2horizonrt line No: 4248 ---------input info : images ---------
2026-08-02 11:56:56,877 file: onnx2horizonrt.py func: onnx2horizonrt line No: 4249 input_name          : images
2026-08-02 11:56:56,877 file: onnx2horizonrt.py func: onnx2horizonrt line No: 4250 input_type_rt       : nv12
2026-08-02 11:56:56,877 file: onnx2horizonrt.py func: onnx2horizonrt line No: 4252 input_space&range   : regular
2026-08-02 11:56:56,878 file: onnx2horizonrt.py func: onnx2horizonrt line No: 4254 input_layout_rt     : None
2026-08-02 11:56:56,878 file: onnx2horizonrt.py func: onnx2horizonrt line No: 4255 input_type_train    : rgb
2026-08-02 11:56:56,878 file: onnx2horizonrt.py func: onnx2horizonrt line No: 4256 input_layout_train  : NCHW
2026-08-02 11:56:56,878 file: onnx2horizonrt.py func: onnx2horizonrt line No: 4257 norm_type           : data_scale
2026-08-02 11:56:56,878 file: onnx2horizonrt.py func: onnx2horizonrt line No: 4258 input_shape         : 1x3x640x640
2026-08-02 11:56:56,878 file: onnx2horizonrt.py func: onnx2horizonrt line No: 4266 scale_value         : 0.003921568627451,
2026-08-02 11:56:56,878 file: onnx2horizonrt.py func: onnx2horizonrt line No: 4268 cal_data_dir        : /home/ubuntu/lxy/1/best_yolov8s_rdk_x5_bpu_package/conversion/.mapper_workspace/calibration_data
2026-08-02 11:56:56,878 file: onnx2horizonrt.py func: onnx2horizonrt line No: 4270 cal_data_type       : float32
2026-08-02 11:56:56,878 file: onnx2horizonrt.py func: onnx2horizonrt line No: 4271 ---------input info : images end -------
2026-08-02 11:56:56,878 file: onnx2horizonrt.py func: onnx2horizonrt line No: 4272 ------------------------------------------
2026-08-02 11:56:56,878 file: onnx2horizonrt.py func: onnx2horizonrt line No: 4274 ############# calibration_parameters info #############
2026-08-02 11:56:56,878 file: onnx2horizonrt.py func: onnx2horizonrt line No: 4275 preprocess_on       : False
2026-08-02 11:56:56,878 file: onnx2horizonrt.py func: onnx2horizonrt line No: 4276 calibration_type:   : default
2026-08-02 11:56:56,878 file: onnx2horizonrt.py func: onnx2horizonrt line No: 4278 optimization        : set_Softmax_input_int8,set_Softmax_output_int8;
2026-08-02 11:56:56,878 file: onnx2horizonrt.py func: onnx2horizonrt line No: 4284 per_channel         : False
2026-08-02 11:56:56,879 file: onnx2horizonrt.py func: onnx2horizonrt line No: 4303 ############# compiler_parameters info #############
2026-08-02 11:56:56,879 file: onnx2horizonrt.py func: onnx2horizonrt line No: 4305 debug               : True
2026-08-02 11:56:56,879 file: onnx2horizonrt.py func: onnx2horizonrt line No: 4307 compile_mode        : latency
2026-08-02 11:56:56,879 file: onnx2horizonrt.py func: onnx2horizonrt line No: 4310 hbdk_pass_through_params: --O3 --debug --core-num 1 --fast --jobs 2
2026-08-02 11:56:56,879 file: onnx2horizonrt.py func: onnx2horizonrt line No: 4310 input-source        : {'images': 'pyramid', '_default_value': 'ddr'}
2026-08-02 11:56:56,894 file: hb_mapper_makertbin.py func: hb_mapper_makertbin line No: 783 Convert to runtime bin file successfully!
2026-08-02 11:56:56,895 file: hb_mapper_makertbin.py func: hb_mapper_makertbin line No: 784 End Model Convert
