2026-08-02 12:07:50,686 file: tool_utils.py func: tool_utils line No: 77 log will be stored in /home/ubuntu/lxy/2/RDK_X5_YOLOv8_Conda_OneClick_v4/output/.mapper_workspace/hb_mapper_makertbin.log
2026-08-02 12:07:50,686 file: hb_mapper.py func: hb_mapper line No: 132 Start hb_mapper....
2026-08-02 12:07:50,686 file: hb_mapper.py func: hb_mapper line No: 133 hbdk version 3.49.15
2026-08-02 12:07:50,686 file: hb_mapper.py func: hb_mapper line No: 134 horizon_nn version 1.1.0
2026-08-02 12:07:50,686 file: hb_mapper.py func: hb_mapper line No: 135 hb_mapper version 1.24.3
2026-08-02 12:07:50,686 file: hb_mapper_makertbin.py func: hb_mapper_makertbin line No: 530 Start Model Convert....
2026-08-02 12:07:50,691 file: mapper_conf_parser.py func: mapper_conf_parser line No: 105 validating model_parameters...
2026-08-02 12:07:50,691 file: mapper_conf_parser.py func: mapper_conf_parser line No: 260 Using onnx model file: /home/ubuntu/lxy/2/RDK_X5_YOLOv8_Conda_OneClick_v4/model/best.onnx
2026-08-02 12:07:50,771 file: onnx_parser.py func: onnx_parser line No: 39 Model input names: ['images']
2026-08-02 12:07:50,771 file: mapper_conf_parser.py func: mapper_conf_parser line No: 264 Model has 1 inputs according to model file
2026-08-02 12:07:50,772 file: mapper_conf_parser.py func: mapper_conf_parser line No: 287 working_dir does not exist. Creating working_dir: /home/ubuntu/lxy/2/RDK_X5_YOLOv8_Conda_OneClick_v4/output/.mapper_workspace/bpu_model_output
2026-08-02 12:07:50,772 file: mapper_conf_parser.py func: mapper_conf_parser line No: 438 node_dict: {self.node_dict}
2026-08-02 12:07:50,772 file: mapper_conf_parser.py func: mapper_conf_parser line No: 119 validating model_parameters finished
2026-08-02 12:07:50,772 file: mapper_conf_parser.py func: mapper_conf_parser line No: 123 validating input_parameters...
2026-08-02 12:07:50,772 file: mapper_conf_parser.py func: mapper_conf_parser line No: 492 Model name not given in yaml_file, using model name from model file: ['images']
2026-08-02 12:07:50,772 file: mapper_conf_parser.py func: mapper_conf_parser line No: 536 Model input shape not given in yaml_file, using shape from model file: [[1, 3, 640, 640]]
2026-08-02 12:07:50,772 file: mapper_conf_parser.py func: mapper_conf_parser line No: 639 nv12 input type rt received.
2026-08-02 12:07:50,772 file: mapper_conf_parser.py func: mapper_conf_parser line No: 135 validating input_parameters finished
2026-08-02 12:07:50,772 file: mapper_conf_parser.py func: mapper_conf_parser line No: 139 validating calibration_parameters...
2026-08-02 12:07:50,772 file: mapper_conf_parser.py func: mapper_conf_parser line No: 1007 The calibration dir name suffix is not the same as the value float32 of the parameter cal_data_type, the parameter setting will prevail
2026-08-02 12:07:50,773 file: mapper_conf_parser.py func: mapper_conf_parser line No: 155 validating calibration_parameters finished
2026-08-02 12:07:50,773 file: mapper_conf_parser.py func: mapper_conf_parser line No: 159 validating custom_op...
2026-08-02 12:07:50,773 file: mapper_conf_parser.py func: mapper_conf_parser line No: 1076 custom_op does not exist, skipped
2026-08-02 12:07:50,773 file: mapper_conf_parser.py func: mapper_conf_parser line No: 165 validating custom_op finished
2026-08-02 12:07:50,773 file: mapper_conf_parser.py func: mapper_conf_parser line No: 168 validating compiler_parameters...
2026-08-02 12:07:50,773 file: mapper_conf_parser.py func: mapper_conf_parser line No: 1157 Input node images's input_source not set, it will be set to pyramid by default
2026-08-02 12:07:50,773 file: mapper_conf_parser.py func: mapper_conf_parser line No: 183 validating compiler_parameters finished
2026-08-02 12:07:50,773 file: mapper_conf_parser.py func: mapper_conf_parser line No: 187 validating deprecated parameters...
2026-08-02 12:07:50,773 file: mapper_conf_parser.py func: mapper_conf_parser line No: 193 validating deprecated parameters finished
2026-08-02 12:07:50,773 file: hb_mapper_makertbin.py func: hb_mapper_makertbin line No: 54 Dump config:
2026-08-02 12:07:50,773 file: hb_mapper_makertbin.py func: hb_mapper_makertbin line No: 55 calibration_parameters:
  cal_data_dir: /home/ubuntu/lxy/2/RDK_X5_YOLOv8_Conda_OneClick_v4/output/.mapper_workspace/calibration_data
  cal_data_type: float32
  calibration_type: default
  optimization: set_Softmax_input_int8,set_Softmax_output_int8
compiler_parameters:
  compile_mode: latency
  debug: true
  jobs: 2
  optimize_level: O3
input_parameters:
  input_layout_train: NCHW
  input_name: ''
  input_type_rt: nv12
  input_type_train: rgb
  norm_type: data_scale
  scale_value: '0.00392156862745098'
model_parameters:
  layer_out_dump: false
  march: bayes-e
  onnx_model: /home/ubuntu/lxy/2/RDK_X5_YOLOv8_Conda_OneClick_v4/model/best.onnx
  output_model_file_prefix: best_bayese_640x640_nv12
  working_dir: /home/ubuntu/lxy/2/RDK_X5_YOLOv8_Conda_OneClick_v4/output/.mapper_workspace/bpu_model_output

2026-08-02 12:07:50,776 file: hb_mapper_makertbin.py func: hb_mapper_makertbin line No: 60 input 'images' : original model shape: [1, 3, 640, 640]
2026-08-02 12:07:50,776 file: loader.py func: loader line No: 204 *******************************************
2026-08-02 12:07:50,776 file: loader.py func: loader line No: 205 First calibration picture name: 0000_1.rgbchw
2026-08-02 12:07:50,776 file: loader.py func: loader line No: 207 First calibration picture md5:
2026-08-02 12:07:50,791 file: loader.py func: loader line No: 211 *******************************************
2026-08-02 12:07:50,791 file: loader.py func: loader line No: 282 created RawImageDirLoader of shape:[1, 3, 640, 640]
2026-08-02 12:07:50,791 file: loader.py func: loader line No: 287 Read raw file: /home/ubuntu/lxy/2/RDK_X5_YOLOv8_Conda_OneClick_v4/output/.mapper_workspace/calibration_data/0000_1.rgbchw
2026-08-02 12:07:50,864 file: loader.py func: loader line No: 287 Read raw file: /home/ubuntu/lxy/2/RDK_X5_YOLOv8_Conda_OneClick_v4/output/.mapper_workspace/calibration_data/0001_10.rgbchw
2026-08-02 12:07:50,933 file: loader.py func: loader line No: 287 Read raw file: /home/ubuntu/lxy/2/RDK_X5_YOLOv8_Conda_OneClick_v4/output/.mapper_workspace/calibration_data/0002_100.rgbchw
2026-08-02 12:07:50,993 file: loader.py func: loader line No: 287 Read raw file: /home/ubuntu/lxy/2/RDK_X5_YOLOv8_Conda_OneClick_v4/output/.mapper_workspace/calibration_data/0003_102.rgbchw
2026-08-02 12:07:51,055 file: loader.py func: loader line No: 287 Read raw file: /home/ubuntu/lxy/2/RDK_X5_YOLOv8_Conda_OneClick_v4/output/.mapper_workspace/calibration_data/0004_103.rgbchw
2026-08-02 12:07:51,113 file: loader.py func: loader line No: 287 Read raw file: /home/ubuntu/lxy/2/RDK_X5_YOLOv8_Conda_OneClick_v4/output/.mapper_workspace/calibration_data/0005_104.rgbchw
2026-08-02 12:07:51,173 file: loader.py func: loader line No: 287 Read raw file: /home/ubuntu/lxy/2/RDK_X5_YOLOv8_Conda_OneClick_v4/output/.mapper_workspace/calibration_data/0006_109.rgbchw
2026-08-02 12:07:51,234 file: loader.py func: loader line No: 287 Read raw file: /home/ubuntu/lxy/2/RDK_X5_YOLOv8_Conda_OneClick_v4/output/.mapper_workspace/calibration_data/0007_119.rgbchw
2026-08-02 12:07:51,292 file: loader.py func: loader line No: 287 Read raw file: /home/ubuntu/lxy/2/RDK_X5_YOLOv8_Conda_OneClick_v4/output/.mapper_workspace/calibration_data/0008_12.rgbchw
2026-08-02 12:07:51,352 file: loader.py func: loader line No: 287 Read raw file: /home/ubuntu/lxy/2/RDK_X5_YOLOv8_Conda_OneClick_v4/output/.mapper_workspace/calibration_data/0009_122.rgbchw
2026-08-02 12:07:51,412 file: loader.py func: loader line No: 287 Read raw file: /home/ubuntu/lxy/2/RDK_X5_YOLOv8_Conda_OneClick_v4/output/.mapper_workspace/calibration_data/0010_13.rgbchw
2026-08-02 12:07:51,471 file: loader.py func: loader line No: 287 Read raw file: /home/ubuntu/lxy/2/RDK_X5_YOLOv8_Conda_OneClick_v4/output/.mapper_workspace/calibration_data/0011_14.rgbchw
2026-08-02 12:07:51,537 file: loader.py func: loader line No: 287 Read raw file: /home/ubuntu/lxy/2/RDK_X5_YOLOv8_Conda_OneClick_v4/output/.mapper_workspace/calibration_data/0012_166.rgbchw
2026-08-02 12:07:51,600 file: loader.py func: loader line No: 287 Read raw file: /home/ubuntu/lxy/2/RDK_X5_YOLOv8_Conda_OneClick_v4/output/.mapper_workspace/calibration_data/0013_167.rgbchw
2026-08-02 12:07:51,658 file: loader.py func: loader line No: 287 Read raw file: /home/ubuntu/lxy/2/RDK_X5_YOLOv8_Conda_OneClick_v4/output/.mapper_workspace/calibration_data/0014_168.rgbchw
2026-08-02 12:07:51,718 file: loader.py func: loader line No: 287 Read raw file: /home/ubuntu/lxy/2/RDK_X5_YOLOv8_Conda_OneClick_v4/output/.mapper_workspace/calibration_data/0015_170.rgbchw
2026-08-02 12:07:51,781 file: loader.py func: loader line No: 287 Read raw file: /home/ubuntu/lxy/2/RDK_X5_YOLOv8_Conda_OneClick_v4/output/.mapper_workspace/calibration_data/0016_171.rgbchw
2026-08-02 12:07:51,840 file: loader.py func: loader line No: 287 Read raw file: /home/ubuntu/lxy/2/RDK_X5_YOLOv8_Conda_OneClick_v4/output/.mapper_workspace/calibration_data/0017_172.rgbchw
2026-08-02 12:07:51,906 file: loader.py func: loader line No: 287 Read raw file: /home/ubuntu/lxy/2/RDK_X5_YOLOv8_Conda_OneClick_v4/output/.mapper_workspace/calibration_data/0018_200.rgbchw
2026-08-02 12:07:51,971 file: loader.py func: loader line No: 287 Read raw file: /home/ubuntu/lxy/2/RDK_X5_YOLOv8_Conda_OneClick_v4/output/.mapper_workspace/calibration_data/0019_201.rgbchw
2026-08-02 12:07:52,032 file: loader.py func: loader line No: 287 Read raw file: /home/ubuntu/lxy/2/RDK_X5_YOLOv8_Conda_OneClick_v4/output/.mapper_workspace/calibration_data/0020_202.rgbchw
2026-08-02 12:07:52,109 file: loader.py func: loader line No: 287 Read raw file: /home/ubuntu/lxy/2/RDK_X5_YOLOv8_Conda_OneClick_v4/output/.mapper_workspace/calibration_data/0021_205.rgbchw
2026-08-02 12:07:52,175 file: loader.py func: loader line No: 287 Read raw file: /home/ubuntu/lxy/2/RDK_X5_YOLOv8_Conda_OneClick_v4/output/.mapper_workspace/calibration_data/0022_207.rgbchw
2026-08-02 12:07:52,234 file: loader.py func: loader line No: 287 Read raw file: /home/ubuntu/lxy/2/RDK_X5_YOLOv8_Conda_OneClick_v4/output/.mapper_workspace/calibration_data/0023_209.rgbchw
2026-08-02 12:07:52,298 file: loader.py func: loader line No: 287 Read raw file: /home/ubuntu/lxy/2/RDK_X5_YOLOv8_Conda_OneClick_v4/output/.mapper_workspace/calibration_data/0024_4.rgbchw
2026-08-02 12:07:52,358 file: loader.py func: loader line No: 287 Read raw file: /home/ubuntu/lxy/2/RDK_X5_YOLOv8_Conda_OneClick_v4/output/.mapper_workspace/calibration_data/0025_5.rgbchw
2026-08-02 12:07:52,419 file: loader.py func: loader line No: 287 Read raw file: /home/ubuntu/lxy/2/RDK_X5_YOLOv8_Conda_OneClick_v4/output/.mapper_workspace/calibration_data/0026_7.rgbchw
2026-08-02 12:07:52,480 file: loader.py func: loader line No: 287 Read raw file: /home/ubuntu/lxy/2/RDK_X5_YOLOv8_Conda_OneClick_v4/output/.mapper_workspace/calibration_data/0027_9.rgbchw
2026-08-02 12:07:52,541 file: loader.py func: loader line No: 287 Read raw file: /home/ubuntu/lxy/2/RDK_X5_YOLOv8_Conda_OneClick_v4/output/.mapper_workspace/calibration_data/0028_97.rgbchw
2026-08-02 12:07:52,599 file: loader.py func: loader line No: 287 Read raw file: /home/ubuntu/lxy/2/RDK_X5_YOLOv8_Conda_OneClick_v4/output/.mapper_workspace/calibration_data/0029_99.rgbchw
2026-08-02 12:07:52,663 file: tool_utils.py func: tool_utils line No: 368 num of calibration data: 30
2026-08-02 12:07:52,663 file: tool_utils.py func: tool_utils line No: 369 calibration data shape: (1, 3, 640, 640)
2026-08-02 12:07:52,678 file: hb_mapper_makertbin.py func: hb_mapper_makertbin line No: 519 call build params:
 {'march': 'bayes-e', 'save_model': True, 'name_prefix': 'best_bayese_640x640_nv12', 'input_dict': {'images': {'input_shape': [1, 3, 640, 640], 'expected_input_type': 'YUV444_128', 'original_input_type': 'RGB', 'original_input_layout': 'NCHW', 'scales': array([0.00392157], dtype=float32)}}, 'cali_dict': {'calibration_type': 'default', 'calibration_data': {'images': [array([[[[-128., -128., -128., ..., -128., -128., -128.],
         [-128., -128., -128., ..., -128., -128., -128.],
         [-128., -128., -128., ..., -128., -128., -128.],
         ...,
         [-128., -128., -128., ..., -128., -128., -128.],
         [-128., -128., -128., ..., -128., -128., -128.],
         [-128., -128., -128., ..., -128., -128., -128.]],

        [[   0.,    0.,    0., ...,    0.,    0.,    0.],
         [   0.,    0.,    0., ...,    0.,    0.,    0.],
         [   0.,    0.,    0., ...,    0.,    0.,    0.],
         ...,
         [   0.,    0.,    0., ...,    0.,    0.,    0.],
         [   0.,    0.,    0., ...,    0.,    0.,    0.],
         [   0.,    0.,    0., ...,    0.,    0.,    0.]],

        [[   0.,    0.,    0., ...,    0.,    0.,    0.],
         [   0.,    0.,    0., ...,    0.,    0.,    0.],
         [   0.,    0.,    0., ...,    0.,    0.,    0.],
         ...,
         [   0.,    0.,    0., ...,    0.,    0.,    0.],
         [   0.,    0.,    0., ...,    0.,    0.,    0.],
         [   0.,    0.,    0., ...,    0.,    0.,    0.]]]], dtype=float32), array([[[[-128., -128., -128., ..., -128., -128., -128.],
         [-128., -128., -128., ..., -128., -128., -128.],
         [-128., -128., -128., ..., -128., -128., -128.],
         ...,
         [-128., -128., -128., ..., -128., -128., -128.],
         [-128., -128., -128., ..., -128., -128., -128.],
         [-128., -128., -128., ..., -128., -128., -128.]],

        [[   0.,    0.,    0., ...,    0.,    0.,    0.],
         [   0.,    0.,    0., ...,    0.,    0.,    0.],
         [   0.,    0.,    0., ...,    0.,    0.,    0.],
         ...,
         [   0.,    0.,    0., ...,    0.,    0.,    0.],
         [   0.,    0.,    0., ...,    0.,    0.,    0.],
         [   0.,    0.,    0., ...,    0.,    0.,    0.]],

        [[   0.,    0.,    0., ...,    0.,    0.,    0.],
         [   0.,    0.,    0., ...,    0.,    0.,    0.],
         [   0.,    0.,    0., ...,    0.,    0.,    0.],
         ...,
         [   0.,    0.,    0., ...,    0.,    0.,    0.],
         [   0.,    0.,    0., ...,    0.,    0.,    0.],
         [   0.,    0.,    0., ...,    0.,    0.,    0.]]]], dtype=float32), array([[[[-128., -128., -128., ..., -128., -128., -128.],
         [-128., -128., -128., ..., -128., -128., -128.],
         [-128., -128., -128., ..., -128., -128., -128.],
         ...,
         [-128., -128., -128., ..., -128., -128., -128.],
         [-128., -128., -128., ..., -128., -128., -128.],
         [-128., -128., -128., ..., -128., -128., -128.]],

        [[   0.,    0.,    0., ...,    0.,    0.,    0.],
         [   0.,    0.,    0., ...,    0.,    0.,    0.],
         [   0.,    0.,    0., ...,    0.,    0.,    0.],
         ...,
         [   0.,    0.,    0., ...,    0.,    0.,    0.],
         [   0.,    0.,    0., ...,    0.,    0.,    0.],
         [   0.,    0.,    0., ...,    0.,    0.,    0.]],

        [[   0.,    0.,    0., ...,    0.,    0.,    0.],
         [   0.,    0.,    0., ...,    0.,    0.,    0.],
         [   0.,    0.,    0., ...,    0.,    0.,    0.],
         ...,
         [   0.,    0.,    0., ...,    0.,    0.,    0.],
         [   0.,    0.,    0., ...,    0.,    0.,    0.],
         [   0.,    0.,    0., ...,    0.,    0.,    0.]]]], dtype=float32), array([[[[-128., -128., -128., ..., -128., -128., -128.],
         [-128., -128., -128., ..., -128., -128., -128.],
         [-128., -128., -128., ..., -128., -128., -128.],
         ...,
         [-128., -128., -128., ..., -128., -128., -128.],
         [-128., -128., -128., ..., -128., -128., -128.],
         [-128., -128., -128., ..., -128., -128., -128.]],

        [[   0.,    0.,    0., ...,    0.,    0.,    0.],
         [   0.,    0.,    0., ...,    0.,    0.,    0.],
         [   0.,    0.,    0., ...,    0.,    0.,    0.],
         ...,
         [   0.,    0.,    0., ...,    0.,    0.,    0.],
         [   0.,    0.,    0., ...,    0.,    0.,    0.],
         [   0.,    0.,    0., ...,    0.,    0.,    0.]],

        [[   0.,    0.,    0., ...,    0.,    0.,    0.],
         [   0.,    0.,    0., ...,    0.,    0.,    0.],
         [   0.,    0.,    0., ...,    0.,    0.,    0.],
         ...,
         [   0.,    0.,    0., ...,    0.,    0.,    0.],
         [   0.,    0.,    0., ...,    0.,    0.,    0.],
         [   0.,    0.,    0., ...,    0.,    0.,    0.]]]], dtype=float32), array([[[[-128., -128., -128., ..., -128., -128., -128.],
         [-128., -128., -128., ..., -128., -128., -128.],
         [-128., -128., -128., ..., -128., -128., -128.],
         ...,
         [-128., -128., -128., ..., -128., -128., -128.],
         [-128., -128., -128., ..., -128., -128., -128.],
         [-128., -128., -128., ..., -128., -128., -128.]],

        [[   0.,    0.,    0., ...,    0.,    0.,    0.],
         [   0.,    0.,    0., ...,    0.,    0.,    0.],
         [   0.,    0.,    0., ...,    0.,    0.,    0.],
         ...,
         [   0.,    0.,    0., ...,    0.,    0.,    0.],
         [   0.,    0.,    0., ...,    0.,    0.,    0.],
         [   0.,    0.,    0., ...,    0.,    0.,    0.]],

        [[   0.,    0.,    0., ...,    0.,    0.,    0.],
         [   0.,    0.,    0., ...,    0.,    0.,    0.],
         [   0.,    0.,    0., ...,    0.,    0.,    0.],
         ...,
         [   0.,    0.,    0., ...,    0.,    0.,    0.],
         [   0.,    0.,    0., ...,    0.,    0.,    0.],
         [   0.,    0.,    0., ...,    0.,    0.,    0.]]]], dtype=float32), array([[[[-128., -128., -128., ..., -128., -128., -128.],
         [-128., -128., -128., ..., -128., -128., -128.],
         [-128., -128., -128., ..., -128., -128., -128.],
         ...,
         [-128., -128., -128., ..., -128., -128., -128.],
         [-128., -128., -128., ..., -128., -128., -128.],
         [-128., -128., -128., ..., -128., -128., -128.]],

        [[   0.,    0.,    0., ...,    0.,    0.,    0.],
         [   0.,    0.,    0., ...,    0.,    0.,    0.],
         [   0.,    0.,    0., ...,    0.,    0.,    0.],
         ...,
         [   0.,    0.,    0., ...,    0.,    0.,    0.],
         [   0.,    0.,    0., ...,    0.,    0.,    0.],
         [   0.,    0.,    0., ...,    0.,    0.,    0.]],

        [[   0.,    0.,    0., ...,    0.,    0.,    0.],
         [   0.,    0.,    0., ...,    0.,    0.,    0.],
         [   0.,    0.,    0., ...,    0.,    0.,    0.],
         ...,
         [   0.,    0.,    0., ...,    0.,    0.,    0.],
         [   0.,    0.,    0., ...,    0.,    0.,    0.],
         [   0.,    0.,    0., ...,    0.,    0.,    0.]]]], dtype=float32), array([[[[-128., -128., -128., ..., -128., -128., -128.],
         [-128., -128., -128., ..., -128., -128., -128.],
         [-128., -128., -128., ..., -128., -128., -128.],
         ...,
         [-128., -128., -128., ..., -128., -128., -128.],
         [-128., -128., -128., ..., -128., -128., -128.],
         [-128., -128., -128., ..., -128., -128., -128.]],

        [[   0.,    0.,    0., ...,    0.,    0.,    0.],
         [   0.,    0.,    0., ...,    0.,    0.,    0.],
         [   0.,    0.,    0., ...,    0.,    0.,    0.],
         ...,
         [   0.,    0.,    0., ...,    0.,    0.,    0.],
         [   0.,    0.,    0., ...,    0.,    0.,    0.],
         [   0.,    0.,    0., ...,    0.,    0.,    0.]],

        [[   0.,    0.,    0., ...,    0.,    0.,    0.],
         [   0.,    0.,    0., ...,    0.,    0.,    0.],
         [   0.,    0.,    0., ...,    0.,    0.,    0.],
         ...,
         [   0.,    0.,    0., ...,    0.,    0.,    0.],
         [   0.,    0.,    0., ...,    0.,    0.,    0.],
         [   0.,    0.,    0., ...,    0.,    0.,    0.]]]], dtype=float32), array([[[[-128., -128., -128., ..., -128., -128., -128.],
         [-128., -128., -128., ..., -128., -128., -128.],
         [-128., -128., -128., ..., -128., -128., -128.],
         ...,
         [-128., -128., -128., ..., -128., -128., -128.],
         [-128., -128., -128., ..., -128., -128., -128.],
         [-128., -128., -128., ..., -128., -128., -128.]],

        [[   0.,    0.,    0., ...,    0.,    0.,    0.],
         [   0.,    0.,    0., ...,    0.,    0.,    0.],
         [   0.,    0.,    0., ...,    0.,    0.,    0.],
         ...,
         [   0.,    0.,    0., ...,    0.,    0.,    0.],
         [   0.,    0.,    0., ...,    0.,    0.,    0.],
         [   0.,    0.,    0., ...,    0.,    0.,    0.]],

        [[   0.,    0.,    0., ...,    0.,    0.,    0.],
         [   0.,    0.,    0., ...,    0.,    0.,    0.],
         [   0.,    0.,    0., ...,    0.,    0.,    0.],
         ...,
         [   0.,    0.,    0., ...,    0.,    0.,    0.],
         [   0.,    0.,    0., ...,    0.,    0.,    0.],
         [   0.,    0.,    0., ...,    0.,    0.,    0.]]]], dtype=float32), array([[[[-128., -128., -128., ..., -128., -128., -128.],
         [-128., -128., -128., ..., -128., -128., -128.],
         [-128., -128., -128., ..., -128., -128., -128.],
         ...,
         [-128., -128., -128., ..., -128., -128., -128.],
         [-128., -128., -128., ..., -128., -128., -128.],
         [-128., -128., -128., ..., -128., -128., -128.]],

        [[   0.,    0.,    0., ...,    0.,    0.,    0.],
         [   0.,    0.,    0., ...,    0.,    0.,    0.],
         [   0.,    0.,    0., ...,    0.,    0.,    0.],
         ...,
         [   0.,    0.,    0., ...,    0.,    0.,    0.],
         [   0.,    0.,    0., ...,    0.,    0.,    0.],
         [   0.,    0.,    0., ...,    0.,    0.,    0.]],

        [[   0.,    0.,    0., ...,    0.,    0.,    0.],
         [   0.,    0.,    0., ...,    0.,    0.,    0.],
         [   0.,    0.,    0., ...,    0.,    0.,    0.],
         ...,
         [   0.,    0.,    0., ...,    0.,    0.,    0.],
         [   0.,    0.,    0., ...,    0.,    0.,    0.],
         [   0.,    0.,    0., ...,    0.,    0.,    0.]]]], dtype=float32), array([[[[-128., -128., -128., ..., -128., -128., -128.],
         [-128., -128., -128., ..., -128., -128., -128.],
         [-128., -128., -128., ..., -128., -128., -128.],
         ...,
         [-128., -128., -128., ..., -128., -128., -128.],
         [-128., -128., -128., ..., -128., -128., -128.],
         [-128., -128., -128., ..., -128., -128., -128.]],

        [[   0.,    0.,    0., ...,    0.,    0.,    0.],
         [   0.,    0.,    0., ...,    0.,    0.,    0.],
         [   0.,    0.,    0., ...,    0.,    0.,    0.],
         ...,
         [   0.,    0.,    0., ...,    0.,    0.,    0.],
         [   0.,    0.,    0., ...,    0.,    0.,    0.],
         [   0.,    0.,    0., ...,    0.,    0.,    0.]],

        [[   0.,    0.,    0., ...,    0.,    0.,    0.],
         [   0.,    0.,    0., ...,    0.,    0.,    0.],
         [   0.,    0.,    0., ...,    0.,    0.,    0.],
         ...,
         [   0.,    0.,    0., ...,    0.,    0.,    0.],
         [   0.,    0.,    0., ...,    0.,    0.,    0.],
         [   0.,    0.,    0., ...,    0.,    0.,    0.]]]], dtype=float32), array([[[[-128., -128., -128., ..., -128., -128., -128.],
         [-128., -128., -128., ..., -128., -128., -128.],
         [-128., -128., -128., ..., -128., -128., -128.],
         ...,
         [-128., -128., -128., ..., -128., -128., -128.],
         [-128., -128., -128., ..., -128., -128., -128.],
         [-128., -128., -128., ..., -128., -128., -128.]],

        [[   0.,    0.,    0., ...,    0.,    0.,    0.],
         [   0.,    0.,    0., ...,    0.,    0.,    0.],
         [   0.,    0.,    0., ...,    0.,    0.,    0.],
         ...,
         [   0.,    0.,    0., ...,    0.,    0.,    0.],
         [   0.,    0.,    0., ...,    0.,    0.,    0.],
         [   0.,    0.,    0., ...,    0.,    0.,    0.]],

        [[   0.,    0.,    0., ...,    0.,    0.,    0.],
         [   0.,    0.,    0., ...,    0.,    0.,    0.],
         [   0.,    0.,    0., ...,    0.,    0.,    0.],
         ...,
         [   0.,    0.,    0., ...,    0.,    0.,    0.],
         [   0.,    0.,    0., ...,    0.,    0.,    0.],
         [   0.,    0.,    0., ...,    0.,    0.,    0.]]]], dtype=float32), array([[[[-128., -128., -128., ..., -128., -128., -128.],
         [-128., -128., -128., ..., -128., -128., -128.],
         [-128., -128., -128., ..., -128., -128., -128.],
         ...,
         [-128., -128., -128., ..., -128., -128., -128.],
         [-128., -128., -128., ..., -128., -128., -128.],
         [-128., -128., -128., ..., -128., -128., -128.]],

        [[   0.,    0.,    0., ...,    0.,    0.,    0.],
         [   0.,    0.,    0., ...,    0.,    0.,    0.],
         [   0.,    0.,    0., ...,    0.,    0.,    0.],
         ...,
         [   0.,    0.,    0., ...,    0.,    0.,    0.],
         [   0.,    0.,    0., ...,    0.,    0.,    0.],
         [   0.,    0.,    0., ...,    0.,    0.,    0.]],

        [[   0.,    0.,    0., ...,    0.,    0.,    0.],
         [   0.,    0.,    0., ...,    0.,    0.,    0.],
         [   0.,    0.,    0., ...,    0.,    0.,    0.],
         ...,
         [   0.,    0.,    0., ...,    0.,    0.,    0.],
         [   0.,    0.,    0., ...,    0.,    0.,    0.],
         [   0.,    0.,    0., ...,    0.,    0.,    0.]]]], dtype=float32), array([[[[-128., -128., -128., ..., -128., -128., -128.],
         [-128., -128., -128., ..., -128., -128., -128.],
         [-128., -128., -128., ..., -128., -128., -128.],
         ...,
         [-128., -128., -128., ..., -128., -128., -128.],
         [-128., -128., -128., ..., -128., -128., -128.],
         [-128., -128., -128., ..., -128., -128., -128.]],

        [[   0.,    0.,    0., ...,    0.,    0.,    0.],
         [   0.,    0.,    0., ...,    0.,    0.,    0.],
         [   0.,    0.,    0., ...,    0.,    0.,    0.],
         ...,
         [   0.,    0.,    0., ...,    0.,    0.,    0.],
         [   0.,    0.,    0., ...,    0.,    0.,    0.],
         [   0.,    0.,    0., ...,    0.,    0.,    0.]],

        [[   0.,    0.,    0., ...,    0.,    0.,    0.],
         [   0.,    0.,    0., ...,    0.,    0.,    0.],
         [   0.,    0.,    0., ...,    0.,    0.,    0.],
         ...,
         [   0.,    0.,    0., ...,    0.,    0.,    0.],
         [   0.,    0.,    0., ...,    0.,    0.,    0.],
         [   0.,    0.,    0., ...,    0.,    0.,    0.]]]], dtype=float32), array([[[[-128., -128., -128., ..., -128., -128., -128.],
         [-128., -128., -128., ..., -128., -128., -128.],
         [-128., -128., -128., ..., -128., -128., -128.],
         ...,
         [-128., -128., -128., ..., -128., -128., -128.],
         [-128., -128., -128., ..., -128., -128., -128.],
         [-128., -128., -128., ..., -128., -128., -128.]],

        [[   0.,    0.,    0., ...,    0.,    0.,    0.],
         [   0.,    0.,    0., ...,    0.,    0.,    0.],
         [   0.,    0.,    0., ...,    0.,    0.,    0.],
         ...,
         [   0.,    0.,    0., ...,    0.,    0.,    0.],
         [   0.,    0.,    0., ...,    0.,    0.,    0.],
         [   0.,    0.,    0., ...,    0.,    0.,    0.]],

        [[   0.,    0.,    0., ...,    0.,    0.,    0.],
         [   0.,    0.,    0., ...,    0.,    0.,    0.],
         [   0.,    0.,    0., ...,    0.,    0.,    0.],
         ...,
         [   0.,    0.,    0., ...,    0.,    0.,    0.],
         [   0.,    0.,    0., ...,    0.,    0.,    0.],
         [   0.,    0.,    0., ...,    0.,    0.,    0.]]]], dtype=float32), array([[[[-128., -128., -128., ..., -128., -128., -128.],
         [-128., -128., -128., ..., -128., -128., -128.],
         [-128., -128., -128., ..., -128., -128., -128.],
         ...,
         [-128., -128., -128., ..., -128., -128., -128.],
         [-128., -128., -128., ..., -128., -128., -128.],
         [-128., -128., -128., ..., -128., -128., -128.]],

        [[   0.,    0.,    0., ...,    0.,    0.,    0.],
         [   0.,    0.,    0., ...,    0.,    0.,    0.],
         [   0.,    0.,    0., ...,    0.,    0.,    0.],
         ...,
         [   0.,    0.,    0., ...,    0.,    0.,    0.],
         [   0.,    0.,    0., ...,    0.,    0.,    0.],
         [   0.,    0.,    0., ...,    0.,    0.,    0.]],

        [[   0.,    0.,    0., ...,    0.,    0.,    0.],
         [   0.,    0.,    0., ...,    0.,    0.,    0.],
         [   0.,    0.,    0., ...,    0.,    0.,    0.],
         ...,
         [   0.,    0.,    0., ...,    0.,    0.,    0.],
         [   0.,    0.,    0., ...,    0.,    0.,    0.],
         [   0.,    0.,    0., ...,    0.,    0.,    0.]]]], dtype=float32), array([[[[-128., -128., -128., ..., -128., -128., -128.],
         [-128., -128., -128., ..., -128., -128., -128.],
         [-128., -128., -128., ..., -128., -128., -128.],
         ...,
         [-128., -128., -128., ..., -128., -128., -128.],
         [-128., -128., -128., ..., -128., -128., -128.],
         [-128., -128., -128., ..., -128., -128., -128.]],

        [[   0.,    0.,    0., ...,    0.,    0.,    0.],
         [   0.,    0.,    0., ...,    0.,    0.,    0.],
         [   0.,    0.,    0., ...,    0.,    0.,    0.],
         ...,
         [   0.,    0.,    0., ...,    0.,    0.,    0.],
         [   0.,    0.,    0., ...,    0.,    0.,    0.],
         [   0.,    0.,    0., ...,    0.,    0.,    0.]],

        [[   0.,    0.,    0., ...,    0.,    0.,    0.],
         [   0.,    0.,    0., ...,    0.,    0.,    0.],
         [   0.,    0.,    0., ...,    0.,    0.,    0.],
         ...,
         [   0.,    0.,    0., ...,    0.,    0.,    0.],
         [   0.,    0.,    0., ...,    0.,    0.,    0.],
         [   0.,    0.,    0., ...,    0.,    0.,    0.]]]], dtype=float32), array([[[[-128., -128., -128., ..., -128., -128., -128.],
         [-128., -128., -128., ..., -128., -128., -128.],
         [-128., -128., -128., ..., -128., -128., -128.],
         ...,
         [-128., -128., -128., ..., -128., -128., -128.],
         [-128., -128., -128., ..., -128., -128., -128.],
         [-128., -128., -128., ..., -128., -128., -128.]],

        [[   0.,    0.,    0., ...,    0.,    0.,    0.],
         [   0.,    0.,    0., ...,    0.,    0.,    0.],
         [   0.,    0.,    0., ...,    0.,    0.,    0.],
         ...,
         [   0.,    0.,    0., ...,    0.,    0.,    0.],
         [   0.,    0.,    0., ...,    0.,    0.,    0.],
         [   0.,    0.,    0., ...,    0.,    0.,    0.]],

        [[   0.,    0.,    0., ...,    0.,    0.,    0.],
         [   0.,    0.,    0., ...,    0.,    0.,    0.],
         [   0.,    0.,    0., ...,    0.,    0.,    0.],
         ...,
         [   0.,    0.,    0., ...,    0.,    0.,    0.],
         [   0.,    0.,    0., ...,    0.,    0.,    0.],
         [   0.,    0.,    0., ...,    0.,    0.,    0.]]]], dtype=float32), array([[[[-128., -128., -128., ..., -128., -128., -128.],
         [-128., -128., -128., ..., -128., -128., -128.],
         [-128., -128., -128., ..., -128., -128., -128.],
         ...,
         [-128., -128., -128., ..., -128., -128., -128.],
         [-128., -128., -128., ..., -128., -128., -128.],
         [-128., -128., -128., ..., -128., -128., -128.]],

        [[   0.,    0.,    0., ...,    0.,    0.,    0.],
         [   0.,    0.,    0., ...,    0.,    0.,    0.],
         [   0.,    0.,    0., ...,    0.,    0.,    0.],
         ...,
         [   0.,    0.,    0., ...,    0.,    0.,    0.],
         [   0.,    0.,    0., ...,    0.,    0.,    0.],
         [   0.,    0.,    0., ...,    0.,    0.,    0.]],

        [[   0.,    0.,    0., ...,    0.,    0.,    0.],
         [   0.,    0.,    0., ...,    0.,    0.,    0.],
         [   0.,    0.,    0., ...,    0.,    0.,    0.],
         ...,
         [   0.,    0.,    0., ...,    0.,    0.,    0.],
         [   0.,    0.,    0., ...,    0.,    0.,    0.],
         [   0.,    0.,    0., ...,    0.,    0.,    0.]]]], dtype=float32), array([[[[-128., -128., -128., ..., -128., -128., -128.],
         [-128., -128., -128., ..., -128., -128., -128.],
         [-128., -128., -128., ..., -128., -128., -128.],
         ...,
         [-128., -128., -128., ..., -128., -128., -128.],
         [-128., -128., -128., ..., -128., -128., -128.],
         [-128., -128., -128., ..., -128., -128., -128.]],

        [[   0.,    0.,    0., ...,    0.,    0.,    0.],
         [   0.,    0.,    0., ...,    0.,    0.,    0.],
         [   0.,    0.,    0., ...,    0.,    0.,    0.],
         ...,
         [   0.,    0.,    0., ...,    0.,    0.,    0.],
         [   0.,    0.,    0., ...,    0.,    0.,    0.],
         [   0.,    0.,    0., ...,    0.,    0.,    0.]],

        [[   0.,    0.,    0., ...,    0.,    0.,    0.],
         [   0.,    0.,    0., ...,    0.,    0.,    0.],
         [   0.,    0.,    0., ...,    0.,    0.,    0.],
         ...,
         [   0.,    0.,    0., ...,    0.,    0.,    0.],
         [   0.,    0.,    0., ...,    0.,    0.,    0.],
         [   0.,    0.,    0., ...,    0.,    0.,    0.]]]], dtype=float32), array([[[[-128., -128., -128., ..., -128., -128., -128.],
         [-128., -128., -128., ..., -128., -128., -128.],
         [-128., -128., -128., ..., -128., -128., -128.],
         ...,
         [-128., -128., -128., ..., -128., -128., -128.],
         [-128., -128., -128., ..., -128., -128., -128.],
         [-128., -128., -128., ..., -128., -128., -128.]],

        [[   0.,    0.,    0., ...,    0.,    0.,    0.],
         [   0.,    0.,    0., ...,    0.,    0.,    0.],
         [   0.,    0.,    0., ...,    0.,    0.,    0.],
         ...,
         [   0.,    0.,    0., ...,    0.,    0.,    0.],
         [   0.,    0.,    0., ...,    0.,    0.,    0.],
         [   0.,    0.,    0., ...,    0.,    0.,    0.]],

        [[   0.,    0.,    0., ...,    0.,    0.,    0.],
         [   0.,    0.,    0., ...,    0.,    0.,    0.],
         [   0.,    0.,    0., ...,    0.,    0.,    0.],
         ...,
         [   0.,    0.,    0., ...,    0.,    0.,    0.],
         [   0.,    0.,    0., ...,    0.,    0.,    0.],
         [   0.,    0.,    0., ...,    0.,    0.,    0.]]]], dtype=float32), array([[[[-128., -128., -128., ..., -128., -128., -128.],
         [-128., -128., -128., ..., -128., -128., -128.],
         [-128., -128., -128., ..., -128., -128., -128.],
         ...,
         [-128., -128., -128., ..., -128., -128., -128.],
         [-128., -128., -128., ..., -128., -128., -128.],
         [-128., -128., -128., ..., -128., -128., -128.]],

        [[   0.,    0.,    0., ...,    0.,    0.,    0.],
         [   0.,    0.,    0., ...,    0.,    0.,    0.],
         [   0.,    0.,    0., ...,    0.,    0.,    0.],
         ...,
         [   0.,    0.,    0., ...,    0.,    0.,    0.],
         [   0.,    0.,    0., ...,    0.,    0.,    0.],
         [   0.,    0.,    0., ...,    0.,    0.,    0.]],

        [[   0.,    0.,    0., ...,    0.,    0.,    0.],
         [   0.,    0.,    0., ...,    0.,    0.,    0.],
         [   0.,    0.,    0., ...,    0.,    0.,    0.],
         ...,
         [   0.,    0.,    0., ...,    0.,    0.,    0.],
         [   0.,    0.,    0., ...,    0.,    0.,    0.],
         [   0.,    0.,    0., ...,    0.,    0.,    0.]]]], dtype=float32), array([[[[-128., -128., -128., ..., -128., -128., -128.],
         [-128., -128., -128., ..., -128., -128., -128.],
         [-128., -128., -128., ..., -128., -128., -128.],
         ...,
         [-128., -128., -128., ..., -128., -128., -128.],
         [-128., -128., -128., ..., -128., -128., -128.],
         [-128., -128., -128., ..., -128., -128., -128.]],

        [[   0.,    0.,    0., ...,    0.,    0.,    0.],
         [   0.,    0.,    0., ...,    0.,    0.,    0.],
         [   0.,    0.,    0., ...,    0.,    0.,    0.],
         ...,
         [   0.,    0.,    0., ...,    0.,    0.,    0.],
         [   0.,    0.,    0., ...,    0.,    0.,    0.],
         [   0.,    0.,    0., ...,    0.,    0.,    0.]],

        [[   0.,    0.,    0., ...,    0.,    0.,    0.],
         [   0.,    0.,    0., ...,    0.,    0.,    0.],
         [   0.,    0.,    0., ...,    0.,    0.,    0.],
         ...,
         [   0.,    0.,    0., ...,    0.,    0.,    0.],
         [   0.,    0.,    0., ...,    0.,    0.,    0.],
         [   0.,    0.,    0., ...,    0.,    0.,    0.]]]], dtype=float32), array([[[[-128., -128., -128., ..., -128., -128., -128.],
         [-128., -128., -128., ..., -128., -128., -128.],
         [-128., -128., -128., ..., -128., -128., -128.],
         ...,
         [-128., -128., -128., ..., -128., -128., -128.],
         [-128., -128., -128., ..., -128., -128., -128.],
         [-128., -128., -128., ..., -128., -128., -128.]],

        [[   0.,    0.,    0., ...,    0.,    0.,    0.],
         [   0.,    0.,    0., ...,    0.,    0.,    0.],
         [   0.,    0.,    0., ...,    0.,    0.,    0.],
         ...,
         [   0.,    0.,    0., ...,    0.,    0.,    0.],
         [   0.,    0.,    0., ...,    0.,    0.,    0.],
         [   0.,    0.,    0., ...,    0.,    0.,    0.]],

        [[   0.,    0.,    0., ...,    0.,    0.,    0.],
         [   0.,    0.,    0., ...,    0.,    0.,    0.],
         [   0.,    0.,    0., ...,    0.,    0.,    0.],
         ...,
         [   0.,    0.,    0., ...,    0.,    0.,    0.],
         [   0.,    0.,    0., ...,    0.,    0.,    0.],
         [   0.,    0.,    0., ...,    0.,    0.,    0.]]]], dtype=float32), array([[[[-128., -128., -128., ..., -128., -128., -128.],
         [-128., -128., -128., ..., -128., -128., -128.],
         [-128., -128., -128., ..., -128., -128., -128.],
         ...,
         [-128., -128., -128., ..., -128., -128., -128.],
         [-128., -128., -128., ..., -128., -128., -128.],
         [-128., -128., -128., ..., -128., -128., -128.]],

        [[   0.,    0.,    0., ...,    0.,    0.,    0.],
         [   0.,    0.,    0., ...,    0.,    0.,    0.],
         [   0.,    0.,    0., ...,    0.,    0.,    0.],
         ...,
         [   0.,    0.,    0., ...,    0.,    0.,    0.],
         [   0.,    0.,    0., ...,    0.,    0.,    0.],
         [   0.,    0.,    0., ...,    0.,    0.,    0.]],

        [[   0.,    0.,    0., ...,    0.,    0.,    0.],
         [   0.,    0.,    0., ...,    0.,    0.,    0.],
         [   0.,    0.,    0., ...,    0.,    0.,    0.],
         ...,
         [   0.,    0.,    0., ...,    0.,    0.,    0.],
         [   0.,    0.,    0., ...,    0.,    0.,    0.],
         [   0.,    0.,    0., ...,    0.,    0.,    0.]]]], dtype=float32), array([[[[-128., -128., -128., ..., -128., -128., -128.],
         [-128., -128., -128., ..., -128., -128., -128.],
         [-128., -128., -128., ..., -128., -128., -128.],
         ...,
         [-128., -128., -128., ..., -128., -128., -128.],
         [-128., -128., -128., ..., -128., -128., -128.],
         [-128., -128., -128., ..., -128., -128., -128.]],

        [[   0.,    0.,    0., ...,    0.,    0.,    0.],
         [   0.,    0.,    0., ...,    0.,    0.,    0.],
         [   0.,    0.,    0., ...,    0.,    0.,    0.],
         ...,
         [   0.,    0.,    0., ...,    0.,    0.,    0.],
         [   0.,    0.,    0., ...,    0.,    0.,    0.],
         [   0.,    0.,    0., ...,    0.,    0.,    0.]],

        [[   0.,    0.,    0., ...,    0.,    0.,    0.],
         [   0.,    0.,    0., ...,    0.,    0.,    0.],
         [   0.,    0.,    0., ...,    0.,    0.,    0.],
         ...,
         [   0.,    0.,    0., ...,    0.,    0.,    0.],
         [   0.,    0.,    0., ...,    0.,    0.,    0.],
         [   0.,    0.,    0., ...,    0.,    0.,    0.]]]], dtype=float32), array([[[[-128., -128., -128., ..., -128., -128., -128.],
         [-128., -128., -128., ..., -128., -128., -128.],
         [-128., -128., -128., ..., -128., -128., -128.],
         ...,
         [-128., -128., -128., ..., -128., -128., -128.],
         [-128., -128., -128., ..., -128., -128., -128.],
         [-128., -128., -128., ..., -128., -128., -128.]],

        [[   0.,    0.,    0., ...,    0.,    0.,    0.],
         [   0.,    0.,    0., ...,    0.,    0.,    0.],
         [   0.,    0.,    0., ...,    0.,    0.,    0.],
         ...,
         [   0.,    0.,    0., ...,    0.,    0.,    0.],
         [   0.,    0.,    0., ...,    0.,    0.,    0.],
         [   0.,    0.,    0., ...,    0.,    0.,    0.]],

        [[   0.,    0.,    0., ...,    0.,    0.,    0.],
         [   0.,    0.,    0., ...,    0.,    0.,    0.],
         [   0.,    0.,    0., ...,    0.,    0.,    0.],
         ...,
         [   0.,    0.,    0., ...,    0.,    0.,    0.],
         [   0.,    0.,    0., ...,    0.,    0.,    0.],
         [   0.,    0.,    0., ...,    0.,    0.,    0.]]]], dtype=float32), array([[[[-128., -128., -128., ..., -128., -128., -128.],
         [-128., -128., -128., ..., -128., -128., -128.],
         [-128., -128., -128., ..., -128., -128., -128.],
         ...,
         [-128., -128., -128., ..., -128., -128., -128.],
         [-128., -128., -128., ..., -128., -128., -128.],
         [-128., -128., -128., ..., -128., -128., -128.]],

        [[   0.,    0.,    0., ...,    0.,    0.,    0.],
         [   0.,    0.,    0., ...,    0.,    0.,    0.],
         [   0.,    0.,    0., ...,    0.,    0.,    0.],
         ...,
         [   0.,    0.,    0., ...,    0.,    0.,    0.],
         [   0.,    0.,    0., ...,    0.,    0.,    0.],
         [   0.,    0.,    0., ...,    0.,    0.,    0.]],

        [[   0.,    0.,    0., ...,    0.,    0.,    0.],
         [   0.,    0.,    0., ...,    0.,    0.,    0.],
         [   0.,    0.,    0., ...,    0.,    0.,    0.],
         ...,
         [   0.,    0.,    0., ...,    0.,    0.,    0.],
         [   0.,    0.,    0., ...,    0.,    0.,    0.],
         [   0.,    0.,    0., ...,    0.,    0.,    0.]]]], dtype=float32), array([[[[-128., -128., -128., ..., -128., -128., -128.],
         [-128., -128., -128., ..., -128., -128., -128.],
         [-128., -128., -128., ..., -128., -128., -128.],
         ...,
         [-128., -128., -128., ..., -128., -128., -128.],
         [-128., -128., -128., ..., -128., -128., -128.],
         [-128., -128., -128., ..., -128., -128., -128.]],

        [[   0.,    0.,    0., ...,    0.,    0.,    0.],
         [   0.,    0.,    0., ...,    0.,    0.,    0.],
         [   0.,    0.,    0., ...,    0.,    0.,    0.],
         ...,
         [   0.,    0.,    0., ...,    0.,    0.,    0.],
         [   0.,    0.,    0., ...,    0.,    0.,    0.],
         [   0.,    0.,    0., ...,    0.,    0.,    0.]],

        [[   0.,    0.,    0., ...,    0.,    0.,    0.],
         [   0.,    0.,    0., ...,    0.,    0.,    0.],
         [   0.,    0.,    0., ...,    0.,    0.,    0.],
         ...,
         [   0.,    0.,    0., ...,    0.,    0.,    0.],
         [   0.,    0.,    0., ...,    0.,    0.,    0.],
         [   0.,    0.,    0., ...,    0.,    0.,    0.]]]], dtype=float32), array([[[[-128., -128., -128., ..., -128., -128., -128.],
         [-128., -128., -128., ..., -128., -128., -128.],
         [-128., -128., -128., ..., -128., -128., -128.],
         ...,
         [-128., -128., -128., ..., -128., -128., -128.],
         [-128., -128., -128., ..., -128., -128., -128.],
         [-128., -128., -128., ..., -128., -128., -128.]],

        [[   0.,    0.,    0., ...,    0.,    0.,    0.],
         [   0.,    0.,    0., ...,    0.,    0.,    0.],
         [   0.,    0.,    0., ...,    0.,    0.,    0.],
         ...,
         [   0.,    0.,    0., ...,    0.,    0.,    0.],
         [   0.,    0.,    0., ...,    0.,    0.,    0.],
         [   0.,    0.,    0., ...,    0.,    0.,    0.]],

        [[   0.,    0.,    0., ...,    0.,    0.,    0.],
         [   0.,    0.,    0., ...,    0.,    0.,    0.],
         [   0.,    0.,    0., ...,    0.,    0.,    0.],
         ...,
         [   0.,    0.,    0., ...,    0.,    0.,    0.],
         [   0.,    0.,    0., ...,    0.,    0.,    0.],
         [   0.,    0.,    0., ...,    0.,    0.,    0.]]]], dtype=float32), array([[[[-128., -128., -128., ..., -128., -128., -128.],
         [-128., -128., -128., ..., -128., -128., -128.],
         [-128., -128., -128., ..., -128., -128., -128.],
         ...,
         [-128., -128., -128., ..., -128., -128., -128.],
         [-128., -128., -128., ..., -128., -128., -128.],
         [-128., -128., -128., ..., -128., -128., -128.]],

        [[   0.,    0.,    0., ...,    0.,    0.,    0.],
         [   0.,    0.,    0., ...,    0.,    0.,    0.],
         [   0.,    0.,    0., ...,    0.,    0.,    0.],
         ...,
         [   0.,    0.,    0., ...,    0.,    0.,    0.],
         [   0.,    0.,    0., ...,    0.,    0.,    0.],
         [   0.,    0.,    0., ...,    0.,    0.,    0.]],

        [[   0.,    0.,    0., ...,    0.,    0.,    0.],
         [   0.,    0.,    0., ...,    0.,    0.,    0.],
         [   0.,    0.,    0., ...,    0.,    0.,    0.],
         ...,
         [   0.,    0.,    0., ...,    0.,    0.,    0.],
         [   0.,    0.,    0., ...,    0.,    0.,    0.],
         [   0.,    0.,    0., ...,    0.,    0.,    0.]]]], dtype=float32)]}}, 'hbdk_dict': {'hbdk_pass_through_params': '--O3 --debug --core-num 1 --fast --jobs 2 ', 'input-source': {'images': 'pyramid', '_default_value': 'ddr'}}, 'node_dict': {}, 'check_mode': False, 'optimization': ['set_Softmax_input_int8,set_Softmax_output_int8']}
2026-08-02 12:07:52,688 file: model_builder.py func: model_builder line No: 35 Start to Horizon NN Model Convert.
2026-08-02 12:07:52,774 file: model_debugger.py func: model_debugger line No: 67 Loading horizon_nn debug methods:set()
2026-08-02 12:07:52,775 file: quantization_config.py func: quantization_config line No: 305 The activation calibration parameters:
    calibration_type:     ['max', 'kl']
    max_percentile:       [0.99995, 1.0]
    per_channel:          [True, False]
    asymmetric:           [True, False]
The modelwise search parameters:
    similarity:           0.995
    metric:               cosine-similarity
The input of all Softmax nodes are set to : int8
2026-08-02 12:07:52,775 file: input_dict_parser.py func: input_dict_parser line No: 240 input images is from pyramid. Its layout is set to NHWC
2026-08-02 12:07:52,775 file: model_builder.py func: model_builder line No: 197 The specified model compilation architecture: bayes-e.
2026-08-02 12:07:52,775 file: model_builder.py func: model_builder line No: 207 The specified model compilation optimization parameters: [].
2026-08-02 12:07:52,775 file: model_builder.py func: model_builder line No: 35 Start to prepare the onnx model.
2026-08-02 12:07:52,789 file: prepare.py func: prepare line No: 106 Input ONNX Model Information:
ONNX IR version:          6
Opset version:            ['ai.onnx v11', 'horizon v1']
Producer:                 pytorch v2.7.0
Domain:                   None
Version:                  None
Graph input:
    images:               shape=[1, 3, 640, 640], dtype=FLOAT32
Graph output:
    output0:              shape=[1, 80, 80, 4], dtype=FLOAT32
    326:                  shape=[1, 80, 80, 64], dtype=FLOAT32
    334:                  shape=[1, 40, 40, 4], dtype=FLOAT32
    342:                  shape=[1, 40, 40, 64], dtype=FLOAT32
    350:                  shape=[1, 20, 20, 4], dtype=FLOAT32
    358:                  shape=[1, 20, 20, 64], dtype=FLOAT32
2026-08-02 12:07:53,949 file: model_builder.py func: model_builder line No: 38 End to prepare the onnx model.
2026-08-02 12:07:54,063 file: model_builder.py func: model_builder line No: 265 Saving model to: best_bayese_640x640_nv12_original_float_model.onnx.
2026-08-02 12:07:54,064 file: model_builder.py func: model_builder line No: 35 Start to optimize the onnx model.
2026-08-02 12:07:54,663 file: constant_folding.py func: constant_folding line No: 66 Summary info for constant_folding:
2026-08-02 12:07:54,663 file: constant_folding.py func: constant_folding line No: 67   After constant_folding, the number of nodes has changed from 220 to 216.
2026-08-02 12:07:54,663 file: constant_folding.py func: constant_folding line No: 71   After constant_folding, the number of parameters has changed from 11127136 to 11127136.
2026-08-02 12:07:54,663 file: constant_folding.py func: constant_folding line No: 76 Detailed info for constant_folding:
2026-08-02 12:07:54,663 file: constant_folding.py func: constant_folding line No: 88 
2026-08-02 12:07:55,208 file: model_builder.py func: model_builder line No: 38 End to optimize the onnx model.
2026-08-02 12:07:55,303 file: model_builder.py func: model_builder line No: 265 Saving model to: best_bayese_640x640_nv12_optimized_float_model.onnx.
2026-08-02 12:07:55,303 file: model_builder.py func: model_builder line No: 35 Start to calibrate the model.
2026-08-02 12:07:55,646 file: calibration_data_set.py func: calibration_data_set line No: 111 input name: images,  number_of_samples: 30
2026-08-02 12:07:55,646 file: calibration_data_set.py func: calibration_data_set line No: 123 There are 30 samples in the data set.
2026-08-02 12:07:55,646 file: infer_thresholds.py func: infer_thresholds line No: 84 Run calibration model with modelwise search method.
2026-08-02 12:07:56,303 file: base.py func: base line No: 138 Calibration using batch 8
2026-08-02 12:09:00,540 file: modelwise_search.py func: modelwise_search line No: 75 Select max-percentile:percentile=0.99995 method.
2026-08-02 12:09:01,817 file: model_builder.py func: model_builder line No: 38 End to calibrate the model.
2026-08-02 12:09:01,979 file: model_builder.py func: model_builder line No: 265 Saving model to: best_bayese_640x640_nv12_calibrated_model.onnx.
2026-08-02 12:09:01,979 file: model_builder.py func: model_builder line No: 35 Start to quantize the model.
2026-08-02 12:09:04,609 file: constant_folding.py func: constant_folding line No: 66 Summary info for constant_folding:
2026-08-02 12:09:04,609 file: constant_folding.py func: constant_folding line No: 67   After constant_folding, the number of nodes has changed from 182 to 182.
2026-08-02 12:09:04,609 file: constant_folding.py func: constant_folding line No: 71   After constant_folding, the number of parameters has changed from 11152147 to 11152147.
2026-08-02 12:09:04,609 file: constant_folding.py func: constant_folding line No: 76 Detailed info for constant_folding:
2026-08-02 12:09:04,609 file: constant_folding.py func: constant_folding line No: 88 
2026-08-02 12:09:04,757 file: model_builder.py func: model_builder line No: 38 End to quantize the model.
2026-08-02 12:09:04,805 file: model_builder.py func: model_builder line No: 265 Saving model to: best_bayese_640x640_nv12_quantized_model.onnx.
2026-08-02 12:09:04,806 file: model_builder.py func: model_builder line No: 35 Start to compile the model with march bayes-e.
2026-08-02 12:09:05,064 file: hybrid_build.py func: hybrid_build line No: 111 Compile submodel: main_graph_subgraph_0
2026-08-02 12:09:05,116 file: hbdk_cc.py func: hbdk_cc line No: 126 hbdk-cc parameters:['--O3', '--debug', '--core-num', '1', '--fast', '--jobs', '2', '--input-layout', 'NHWC', '--output-layout', 'NHWC', '--input-source', 'pyramid']
2026-08-02 12:09:05,116 file: hbdk_cc.py func: hbdk_cc line No: 127 hbdk-cc command used:hbdk-cc -f hbir -m /tmp/tmpwf7_gwib/main_graph_subgraph_0.hbir -o /tmp/tmpwf7_gwib/main_graph_subgraph_0.hbm --march bayes-e --progressbar --O3 --debug --core-num 1 --fast --jobs 2 --input-layout NHWC --output-layout NHWC --input-source pyramid
2026-08-02 12:18:36,334 file: tool_utils.py func: tool_utils line No: 326 consumed time 571.108
2026-08-02 12:18:36,591 file: tool_utils.py func: tool_utils line No: 326 FPS=96.76, latency = 10335.4 us, DDR = 39939712 bytes   (see main_graph_subgraph_0.html)
2026-08-02 12:18:36,894 file: model_builder.py func: model_builder line No: 38 End to compile the model with march bayes-e.
2026-08-02 12:18:43,115 file: print_info_dict.py func: print_info_dict line No: 72 The main quantized node information:
======================================================================================================================================
Node                                                ON   Subgraph  Type                       Cosine Similarity  Threshold  DataType  
--------------------------------------------------------------------------------------------------------------------------------------
HZ_PREPROCESS_FOR_images                            BPU  id(0)     HzSQuantizedPreprocess     1.000007           127.0      int8      
/model.0/conv/Conv                                  BPU  id(0)     HzSQuantizedConv           0.999429           1.04721    int8      
/model.0/act/Mul                                    BPU  id(0)     HzLut                      0.998036           50.5263    int8      
/model.1/conv/Conv                                  BPU  id(0)     HzSQuantizedConv           0.998009           43.4054    int8      
/model.1/act/Mul                                    BPU  id(0)     HzLut                      0.997729           50.397     int8      
/model.2/cv1/conv/Conv                              BPU  id(0)     HzSQuantizedConv           0.997564           39.4142    int8      
/model.2/cv1/act/Mul                                BPU  id(0)     HzLut                      0.995737           43.1679    int8      
/model.2/Split                                      BPU  id(0)     Split                      0.995143           19.3993    int8      
/model.2/m.0/cv1/conv/Conv                          BPU  id(0)     HzSQuantizedConv           0.992122           19.3993    int8      
/model.2/m.0/cv1/act/Mul                            BPU  id(0)     HzLut                      0.992502           21.5235    int8      
/model.2/m.0/cv2/conv/Conv                          BPU  id(0)     HzSQuantizedConv           0.991988           15.1539    int8      
/model.2/m.0/cv2/act/Mul                            BPU  id(0)     HzLut                      0.994741           16.9431    int8      
/model.2/m.0/Add                                    BPU  id(0)     HzSElementwiseAdd          0.996769           19.3993    int8      
/model.2/Split_output_0_calibrated_Requantize       BPU  id(0)     HzRequantize               --                 --         int8      
/model.2/Split_output_1_calibrated_Requantize       BPU  id(0)     HzRequantize               --                 --         int8      
/model.2/Concat                                     BPU  id(0)     Concat                     0.996225           19.3993    int8      
/model.2/cv2/conv/Conv                              BPU  id(0)     HzSQuantizedConv           0.992878           17.3956    int8      
/model.2/cv2/act/Mul                                BPU  id(0)     HzLut                      0.990952           14.1677    int8      
/model.3/conv/Conv                                  BPU  id(0)     HzSQuantizedConv           0.993197           10.3744    int8      
/model.3/act/Mul                                    BPU  id(0)     HzLut                      0.991406           7.67793    int8      
/model.4/cv1/conv/Conv                              BPU  id(0)     HzSQuantizedConv           0.990956           7.2766     int8      
/model.4/cv1/act/Mul                                BPU  id(0)     HzLut                      0.988018           9.31839    int8      
/model.4/Split                                      BPU  id(0)     Split                      0.983375           7.21134    int8      
/model.4/m.0/cv1/conv/Conv                          BPU  id(0)     HzSQuantizedConv           0.995280           7.21134    int8      
/model.4/m.0/cv1/act/Mul                            BPU  id(0)     HzLut                      0.992624           6.95819    int8      
/model.4/m.0/cv2/conv/Conv                          BPU  id(0)     HzSQuantizedConv           0.994452           5.1365     int8      
/model.4/m.0/cv2/act/Mul                            BPU  id(0)     HzLut                      0.993042           7.20528    int8      
/model.4/m.0/Add                                    BPU  id(0)     HzSElementwiseAdd          0.995714           7.21134    int8      
/model.4/m.1/cv1/conv/Conv                          BPU  id(0)     HzSQuantizedConv           0.997104           5.35079    int8      
/model.4/m.1/cv1/act/Mul                            BPU  id(0)     HzLut                      0.991969           6.7162     int8      
/model.4/m.1/cv2/conv/Conv                          BPU  id(0)     HzSQuantizedConv           0.992752           4.0788     int8      
/model.4/m.1/cv2/act/Mul                            BPU  id(0)     HzLut                      0.992421           9.83694    int8      
/model.4/m.1/Add                                    BPU  id(0)     HzSElementwiseAdd          0.994858           5.35079    int8      
/model.4/Split_output_0_calibrated_Requantize       BPU  id(0)     HzRequantize               --                 --         int8      
/model.4/Split_output_1_calibrated_Requantize       BPU  id(0)     HzRequantize               --                 --         int8      
/model.4/m.0/Add_output_0_calibrated_Requantize     BPU  id(0)     HzRequantize               --                 --         int8      
/model.4/Concat                                     BPU  id(0)     Concat                     0.993276           7.21134    int8      
/model.4/cv2/conv/Conv                              BPU  id(0)     HzSQuantizedConv           0.992110           8.19121    int8      
/model.4/cv2/act/Mul                                BPU  id(0)     HzLut                      0.989805           9.07283    int8      
/model.5/conv/Conv                                  BPU  id(0)     HzSQuantizedConv           0.994640           7.11464    int8      
/model.5/act/Mul                                    BPU  id(0)     HzLut                      0.989969           7.44704    int8      
/model.6/cv1/conv/Conv                              BPU  id(0)     HzSQuantizedConv           0.993092           6.32414    int8      
/model.6/cv1/act/Mul                                BPU  id(0)     HzLut                      0.990257           10.1406    int8      
/model.6/Split                                      BPU  id(0)     Split                      0.989288           8.73615    int8      
/model.6/m.0/cv1/conv/Conv                          BPU  id(0)     HzSQuantizedConv           0.994342           8.73615    int8      
/model.6/m.0/cv1/act/Mul                            BPU  id(0)     HzLut                      0.989272           7.9025     int8      
/model.6/m.0/cv2/conv/Conv                          BPU  id(0)     HzSQuantizedConv           0.994295           5.42457    int8      
/model.6/m.0/cv2/act/Mul                            BPU  id(0)     HzLut                      0.988808           7.5624     int8      
/model.6/m.0/Add                                    BPU  id(0)     HzSElementwiseAdd          0.991421           8.73615    int8      
/model.6/m.1/cv1/conv/Conv                          BPU  id(0)     HzSQuantizedConv           0.996097           6.12062    int8      
/model.6/m.1/cv1/act/Mul                            BPU  id(0)     HzLut                      0.990551           7.91589    int8      
/model.6/m.1/cv2/conv/Conv                          BPU  id(0)     HzSQuantizedConv           0.993517           5.53636    int8      
/model.6/m.1/cv2/act/Mul                            BPU  id(0)     HzLut                      0.991987           14.5605    int8      
/model.6/m.1/Add                                    BPU  id(0)     HzSElementwiseAdd          0.991792           6.12062    int8      
/model.6/Split_output_0_calibrated_Requantize       BPU  id(0)     HzRequantize               --                 --         int8      
/model.6/Split_output_1_calibrated_Requantize       BPU  id(0)     HzRequantize               --                 --         int8      
/model.6/m.0/Add_output_0_calibrated_Requantize     BPU  id(0)     HzRequantize               --                 --         int8      
/model.6/Concat                                     BPU  id(0)     Concat                     0.990817           8.73615    int8      
/model.6/cv2/conv/Conv                              BPU  id(0)     HzSQuantizedConv           0.995167           10.7368    int8      
/model.6/cv2/act/Mul                                BPU  id(0)     HzLut                      0.990437           8.37363    int8      
/model.7/conv/Conv                                  BPU  id(0)     HzSQuantizedConv           0.996604           7.10062    int8      
/model.7/act/Mul                                    BPU  id(0)     HzLut                      0.992266           9.25841    int8      
/model.8/cv1/conv/Conv                              BPU  id(0)     HzSQuantizedConv           0.996142           8.83471    int8      
/model.8/cv1/act/Mul                                BPU  id(0)     HzLut                      0.990535           14.5511    int8      
/model.8/Split                                      BPU  id(0)     Split                      0.990824           14.4808    int8      
/model.8/m.0/cv1/conv/Conv                          BPU  id(0)     HzSQuantizedConv           0.993501           14.4808    int8      
/model.8/m.0/cv1/act/Mul                            BPU  id(0)     HzLut                      0.988225           16.7216    int8      
/model.8/m.0/cv2/conv/Conv                          BPU  id(0)     HzSQuantizedConv           0.992530           15.2198    int8      
/model.8/m.0/cv2/act/Mul                            BPU  id(0)     HzLut                      0.987931           26.1643    int8      
/model.8/m.0/Add                                    BPU  id(0)     HzSElementwiseAdd          0.987144           14.4808    int8      
/model.8/Split_output_0_calibrated_Requantize       BPU  id(0)     HzRequantize               --                 --         int8      
/model.8/Split_output_1_calibrated_Requantize       BPU  id(0)     HzRequantize               --                 --         int8      
/model.8/Concat                                     BPU  id(0)     Concat                     0.986522           14.4808    int8      
/model.8/cv2/conv/Conv                              BPU  id(0)     HzSQuantizedConv           0.991824           17.5577    int8      
/model.8/cv2/act/Mul                                BPU  id(0)     HzLut                      0.987793           19.1511    int8      
/model.9/cv1/conv/Conv                              BPU  id(0)     HzSQuantizedConv           0.995621           15.6002    int8      
/model.9/cv1/act/Mul                                BPU  id(0)     HzLut                      0.994080           16.2625    int8      
/model.9/m/MaxPool                                  BPU  id(0)     HzQuantizedMaxPool         0.997211           29.0589    int8      
/model.9/m_1/MaxPool                                BPU  id(0)     HzQuantizedMaxPool         0.997660           29.0589    int8      
/model.9/m_2/MaxPool                                BPU  id(0)     HzQuantizedMaxPool         0.997774           29.0589    int8      
/model.9/Concat                                     BPU  id(0)     Concat                     0.997345           29.0589    int8      
/model.9/cv2/conv/Conv                              BPU  id(0)     HzSQuantizedConv           0.998298           29.0589    int8      
/model.9/cv2/act/Mul                                BPU  id(0)     HzLut                      0.994502           10.7467    int8      
/model.10/Resize                                    BPU  id(0)     HzQuantizedResizeUpsample  0.994592           6.44362    int8      
/model.10/Resize_output_0_calibrated_Requantize     BPU  id(0)     HzRequantize               --                 --         int8      
...el.6/cv2/act/Mul_output_0_calibrated_Requantize  BPU  id(0)     HzRequantize               --                 --         int8      
/model.11/Concat                                    BPU  id(0)     Concat                     0.991185           6.44362    int8      
/model.12/cv1/conv/Conv                             BPU  id(0)     HzSQuantizedConv           0.995533           5.57605    int8      
/model.12/cv1/act/Mul                               BPU  id(0)     HzLut                      0.992555           9.80435    int8      
/model.12/Split                                     BPU  id(0)     Split                      0.990081           7.05816    int8      
/model.12/m.0/cv1/conv/Conv                         BPU  id(0)     HzSQuantizedConv           0.996514           7.05816    int8      
/model.12/m.0/cv1/act/Mul                           BPU  id(0)     HzLut                      0.990732           8.40149    int8      
/model.12/m.0/cv2/conv/Conv                         BPU  id(0)     HzSQuantizedConv           0.994452           6.45953    int8      
/model.12/m.0/cv2/act/Mul                           BPU  id(0)     HzLut                      0.990916           10.4574    int8      
/model.12/Split_output_0_calibrated_Requantize      BPU  id(0)     HzRequantize               --                 --         int8      
/model.12/Split_output_1_calibrated_Requantize      BPU  id(0)     HzRequantize               --                 --         int8      
/model.12/Concat                                    BPU  id(0)     Concat                     0.991739           7.05816    int8      
/model.12/cv2/conv/Conv                             BPU  id(0)     HzSQuantizedConv           0.993112           7.46394    int8      
/model.12/cv2/act/Mul                               BPU  id(0)     HzLut                      0.985644           10.6314    int8      
/model.13/Resize                                    BPU  id(0)     HzQuantizedResizeUpsample  0.985642           7.77111    int8      
/model.13/Resize_output_0_calibrated_Requantize     BPU  id(0)     HzRequantize               --                 --         int8      
...el.4/cv2/act/Mul_output_0_calibrated_Requantize  BPU  id(0)     HzRequantize               --                 --         int8      
/model.14/Concat                                    BPU  id(0)     Concat                     0.987343           7.77111    int8      
/model.15/cv1/conv/Conv                             BPU  id(0)     HzSQuantizedConv           0.994673           6.524      int8      
/model.15/cv1/act/Mul                               BPU  id(0)     HzLut                      0.993914           6.62055    int8      
/model.15/Split                                     BPU  id(0)     Split                      0.989177           4.95917    int8      
/model.15/m.0/cv1/conv/Conv                         BPU  id(0)     HzSQuantizedConv           0.995345           4.95917    int8      
/model.15/m.0/cv1/act/Mul                           BPU  id(0)     HzLut                      0.994375           6.01341    int8      
/model.15/m.0/cv2/conv/Conv                         BPU  id(0)     HzSQuantizedConv           0.992324           4.28708    int8      
/model.15/m.0/cv2/act/Mul                           BPU  id(0)     HzLut                      0.991354           8.48366    int8      
/model.15/Split_output_0_calibrated_Requantize      BPU  id(0)     HzRequantize               --                 --         int8      
/model.15/Split_output_1_calibrated_Requantize      BPU  id(0)     HzRequantize               --                 --         int8      
/model.15/Concat                                    BPU  id(0)     Concat                     0.992557           4.95917    int8      
/model.15/cv2/conv/Conv                             BPU  id(0)     HzSQuantizedConv           0.995292           6.11623    int8      
/model.15/cv2/act/Mul                               BPU  id(0)     HzLut                      0.993135           7.45532    int8      
/model.16/conv/Conv                                 BPU  id(0)     HzSQuantizedConv           0.990801           4.49832    int8      
/model.16/act/Mul                                   BPU  id(0)     HzLut                      0.983313           9.74407    int8      
/model.17/Concat                                    BPU  id(0)     Concat                     0.984427           7.77111    int8      
/model.18/cv1/conv/Conv                             BPU  id(0)     HzSQuantizedConv           0.987461           7.77111    int8      
/model.18/cv1/act/Mul                               BPU  id(0)     HzLut                      0.983998           11.4467    int8      
/model.18/Split                                     BPU  id(0)     Split                      0.979701           7.69615    int8      
/model.18/m.0/cv1/conv/Conv                         BPU  id(0)     HzSQuantizedConv           0.994755           7.69615    int8      
/model.18/m.0/cv1/act/Mul                           BPU  id(0)     HzLut                      0.990821           7.00439    int8      
/model.18/m.0/cv2/conv/Conv                         BPU  id(0)     HzSQuantizedConv           0.990011           5.02522    int8      
/model.18/m.0/cv2/act/Mul                           BPU  id(0)     HzLut                      0.985716           12.0663    int8      
/model.18/Split_output_0_calibrated_Requantize      BPU  id(0)     HzRequantize               --                 --         int8      
/model.18/Split_output_1_calibrated_Requantize      BPU  id(0)     HzRequantize               --                 --         int8      
/model.18/Concat                                    BPU  id(0)     Concat                     0.984376           7.69615    int8      
/model.18/cv2/conv/Conv                             BPU  id(0)     HzSQuantizedConv           0.991310           9.69264    int8      
/model.18/cv2/act/Mul                               BPU  id(0)     HzLut                      0.984192           16.4795    int8      
/model.19/conv/Conv                                 BPU  id(0)     HzSQuantizedConv           0.991522           5.9769     int8      
/model.19/act/Mul                                   BPU  id(0)     HzLut                      0.984076           7.99098    int8      
/model.20/Concat                                    BPU  id(0)     Concat                     0.987892           6.44362    int8      
/model.21/cv1/conv/Conv                             BPU  id(0)     HzSQuantizedConv           0.991807           6.44362    int8      
/model.21/cv1/act/Mul                               BPU  id(0)     HzLut                      0.984681           11.1782    int8      
/model.21/Split                                     BPU  id(0)     Split                      0.982530           10.0682    int8      
/model.21/m.0/cv1/conv/Conv                         BPU  id(0)     HzSQuantizedConv           0.995260           10.0682    int8      
/model.21/m.0/cv1/act/Mul                           BPU  id(0)     HzLut                      0.986235           10.8395    int8      
/model.21/m.0/cv2/conv/Conv                         BPU  id(0)     HzSQuantizedConv           0.991417           8.13003    int8      
/model.21/m.0/cv2/act/Mul                           BPU  id(0)     HzLut                      0.985305           13.5278    int8      
/model.21/Split_output_0_calibrated_Requantize      BPU  id(0)     HzRequantize               --                 --         int8      
/model.21/Split_output_1_calibrated_Requantize      BPU  id(0)     HzRequantize               --                 --         int8      
/model.21/Concat                                    BPU  id(0)     Concat                     0.984753           10.0682    int8      
/model.21/cv2/conv/Conv                             BPU  id(0)     HzSQuantizedConv           0.992411           10.1057    int8      
/model.21/cv2/act/Mul                               BPU  id(0)     HzLut                      0.985723           13.2701    int8      
/model.22/cv3.0/cv3.0.0/conv/Conv                   BPU  id(0)     HzSQuantizedConv           0.993325           4.49832    int8      
/model.22/cv3.0/cv3.0.0/act/Mul                     BPU  id(0)     HzLut                      0.986216           9.27353    int8      
/model.22/cv3.0/cv3.0.1/conv/Conv                   BPU  id(0)     HzSQuantizedConv           0.991404           6.99368    int8      
/model.22/cv3.0/cv3.0.1/act/Mul                     BPU  id(0)     HzLut                      0.994984           34.0428    int8      
/model.22/cv3.0/cv3.0.2/Conv                        BPU  id(0)     HzSQuantizedConv           0.999603           22.4289    int8      
/model.22/cv2.0/cv2.0.0/conv/Conv                   BPU  id(0)     HzSQuantizedConv           0.992865           4.49832    int8      
/model.22/cv2.0/cv2.0.0/act/Mul                     BPU  id(0)     HzLut                      0.992924           11.4145    int8      
/model.22/cv2.0/cv2.0.1/conv/Conv                   BPU  id(0)     HzSQuantizedConv           0.992258           7.29815    int8      
/model.22/cv2.0/cv2.0.1/act/Mul                     BPU  id(0)     HzLut                      0.994012           20.298     int8      
/model.22/cv2.0/cv2.0.2/Conv                        BPU  id(0)     HzSQuantizedConv           0.997276           17.1579    int8      
/model.22/cv3.1/cv3.1.0/conv/Conv                   BPU  id(0)     HzSQuantizedConv           0.992279           5.9769     int8      
/model.22/cv3.1/cv3.1.0/act/Mul                     BPU  id(0)     HzLut                      0.987851           11.6359    int8      
/model.22/cv3.1/cv3.1.1/conv/Conv                   BPU  id(0)     HzSQuantizedConv           0.990475           8.01887    int8      
/model.22/cv3.1/cv3.1.1/act/Mul                     BPU  id(0)     HzLut                      0.990757           55.6737    int8      
/model.22/cv3.1/cv3.1.2/Conv                        BPU  id(0)     HzSQuantizedConv           0.998947           51.0789    int8      
/model.22/cv2.1/cv2.1.0/conv/Conv                   BPU  id(0)     HzSQuantizedConv           0.990998           5.9769     int8      
/model.22/cv2.1/cv2.1.0/act/Mul                     BPU  id(0)     HzLut                      0.989349           13.8321    int8      
/model.22/cv2.1/cv2.1.1/conv/Conv                   BPU  id(0)     HzSQuantizedConv           0.990337           7.58597    int8      
/model.22/cv2.1/cv2.1.1/act/Mul                     BPU  id(0)     HzLut                      0.990868           18.9365    int8      
/model.22/cv2.1/cv2.1.2/Conv                        BPU  id(0)     HzSQuantizedConv           0.996150           18.6361    int8      
/model.22/cv3.2/cv3.2.0/conv/Conv                   BPU  id(0)     HzSQuantizedConv           0.993410           11.7806    int8      
/model.22/cv3.2/cv3.2.0/act/Mul                     BPU  id(0)     HzLut                      0.991659           15.2818    int8      
/model.22/cv3.2/cv3.2.1/conv/Conv                   BPU  id(0)     HzSQuantizedConv           0.990888           12.9541    int8      
/model.22/cv3.2/cv3.2.1/act/Mul                     BPU  id(0)     HzLut                      0.995017           44.6879    int8      
/model.22/cv3.2/cv3.2.2/Conv                        BPU  id(0)     HzSQuantizedConv           0.999772           33.6446    int8      
/model.22/cv2.2/cv2.2.0/conv/Conv                   BPU  id(0)     HzSQuantizedConv           0.990002           11.7806    int8      
/model.22/cv2.2/cv2.2.0/act/Mul                     BPU  id(0)     HzLut                      0.989160           18.8405    int8      
/model.22/cv2.2/cv2.2.1/conv/Conv                   BPU  id(0)     HzSQuantizedConv           0.985854           16.1076    int8      
/model.22/cv2.2/cv2.2.1/act/Mul                     BPU  id(0)     HzLut                      0.989582           27.8287    int8      
/model.22/cv2.2/cv2.2.2/Conv                        BPU  id(0)     HzSQuantizedConv           0.995123           23.276     int8
2026-08-02 12:18:43,116 file: print_info_dict.py func: print_info_dict line No: 72 The quantized model output:
=============================================================================
Output      Cosine Similarity  L1 Distance  L2 Distance  Chebyshev Distance  
-----------------------------------------------------------------------------
output0     0.999603           0.496588     0.004503     6.142200            
326         0.997277           0.161257     0.000342     2.000176            
334         0.998947           0.542452     0.010664     10.934631           
342         0.996151           0.208612     0.000977     3.167987            
350         0.999772           0.245787     0.009133     3.216908            
358         0.995123           0.198348     0.001801     1.904999
2026-08-02 12:18:43,123 file: model_builder.py func: model_builder line No: 38 End to Horizon NN Model Convert.
2026-08-02 12:18:43,188 file: hb_mapper_makertbin.py func: hb_mapper_makertbin line No: 601 start convert to *.bin file....
2026-08-02 12:18:43,215 file: onnx2horizonrt.py func: onnx2horizonrt line No: 4326 ONNX model output num : 6
2026-08-02 12:18:43,221 file: layout_util.py func: layout_util line No: 15 set_featuremap_layout start
2026-08-02 12:18:43,222 file: onnx2horizonrt.py func: onnx2horizonrt line No: 4060 model_deps_info: {'hb_mapper_version': '1.24.3', 'hbdk_version': '3.49.15', 'hbdk_runtime_version': ' 3.15.55.0', 'horizon_nn_version': '1.1.0', 'onnx_model': '/home/ubuntu/lxy/2/RDK_X5_YOLOv8_Conda_OneClick_v4/model/best.onnx', 'march': 'bayes-e', 'layer_out_dump': False, 'log_level': 'DEBUG', 'working_dir': '/home/ubuntu/lxy/2/RDK_X5_YOLOv8_Conda_OneClick_v4/output/.mapper_workspace/bpu_model_output', 'model_prefix': 'best_bayese_640x640_nv12', 'input_names': ['images'], 'input_type_rt': ['nv12'], 'input_space_and_range': ['regular'], 'input_type_train': ['rgb'], 'input_layout_rt': [''], 'input_layout_train': ['NCHW'], 'norm_type': ['data_scale'], 'scale_value': ['0.00392156862745098,'], 'mean_value': [''], 'input_shape': ['1x3x640x640'], 'input_batch': [], 'cal_dir': ['/home/ubuntu/lxy/2/RDK_X5_YOLOv8_Conda_OneClick_v4/output/.mapper_workspace/calibration_data'], 'cal_data_type': ['float32'], 'preprocess_on': False, 'calibration_type': 'default', 'per_channel': 'False', 'optimization': ['set_Softmax_input_int8,set_Softmax_output_int8'], 'hbdk_params': {'hbdk_pass_through_params': '--O3 --debug --core-num 1 --fast --jobs 2 ', 'input-source': {'images': 'pyramid', '_default_value': 'ddr'}}, 'debug': True, 'compile_mode': 'latency'}
2026-08-02 12:18:43,222 file: onnx2horizonrt.py func: onnx2horizonrt line No: 4183 ############# model deps info #############
2026-08-02 12:18:43,222 file: onnx2horizonrt.py func: onnx2horizonrt line No: 4184 hb_mapper version   : 1.24.3
2026-08-02 12:18:43,222 file: onnx2horizonrt.py func: onnx2horizonrt line No: 4187 hbdk version        : 3.49.15
2026-08-02 12:18:43,222 file: onnx2horizonrt.py func: onnx2horizonrt line No: 4189 hbdk runtime version: 3.15.55.0
2026-08-02 12:18:43,222 file: onnx2horizonrt.py func: onnx2horizonrt line No: 4192 horizon_nn version  : 1.1.0
2026-08-02 12:18:43,222 file: onnx2horizonrt.py func: onnx2horizonrt line No: 4196 ############# model_parameters info #############
2026-08-02 12:18:43,222 file: onnx2horizonrt.py func: onnx2horizonrt line No: 4202 onnx_model          : /home/ubuntu/lxy/2/RDK_X5_YOLOv8_Conda_OneClick_v4/model/best.onnx
2026-08-02 12:18:43,222 file: onnx2horizonrt.py func: onnx2horizonrt line No: 4203 BPU march           : bayes-e
2026-08-02 12:18:43,222 file: onnx2horizonrt.py func: onnx2horizonrt line No: 4204 layer_out_dump      : False
2026-08-02 12:18:43,222 file: onnx2horizonrt.py func: onnx2horizonrt line No: 4205 log_level           : DEBUG
2026-08-02 12:18:43,222 file: onnx2horizonrt.py func: onnx2horizonrt line No: 4206 working dir         : /home/ubuntu/lxy/2/RDK_X5_YOLOv8_Conda_OneClick_v4/output/.mapper_workspace/bpu_model_output
2026-08-02 12:18:43,222 file: onnx2horizonrt.py func: onnx2horizonrt line No: 4207 output_model_file_prefix: best_bayese_640x640_nv12
2026-08-02 12:18:43,222 file: onnx2horizonrt.py func: onnx2horizonrt line No: 4228 ############# input_parameters info #############
2026-08-02 12:18:43,223 file: onnx2horizonrt.py func: onnx2horizonrt line No: 4246 ------------------------------------------
2026-08-02 12:18:43,223 file: onnx2horizonrt.py func: onnx2horizonrt line No: 4248 ---------input info : images ---------
2026-08-02 12:18:43,223 file: onnx2horizonrt.py func: onnx2horizonrt line No: 4249 input_name          : images
2026-08-02 12:18:43,223 file: onnx2horizonrt.py func: onnx2horizonrt line No: 4250 input_type_rt       : nv12
2026-08-02 12:18:43,223 file: onnx2horizonrt.py func: onnx2horizonrt line No: 4252 input_space&range   : regular
2026-08-02 12:18:43,223 file: onnx2horizonrt.py func: onnx2horizonrt line No: 4254 input_layout_rt     : None
2026-08-02 12:18:43,223 file: onnx2horizonrt.py func: onnx2horizonrt line No: 4255 input_type_train    : rgb
2026-08-02 12:18:43,223 file: onnx2horizonrt.py func: onnx2horizonrt line No: 4256 input_layout_train  : NCHW
2026-08-02 12:18:43,223 file: onnx2horizonrt.py func: onnx2horizonrt line No: 4257 norm_type           : data_scale
2026-08-02 12:18:43,223 file: onnx2horizonrt.py func: onnx2horizonrt line No: 4258 input_shape         : 1x3x640x640
2026-08-02 12:18:43,223 file: onnx2horizonrt.py func: onnx2horizonrt line No: 4266 scale_value         : 0.00392156862745098,
2026-08-02 12:18:43,223 file: onnx2horizonrt.py func: onnx2horizonrt line No: 4268 cal_data_dir        : /home/ubuntu/lxy/2/RDK_X5_YOLOv8_Conda_OneClick_v4/output/.mapper_workspace/calibration_data
2026-08-02 12:18:43,223 file: onnx2horizonrt.py func: onnx2horizonrt line No: 4270 cal_data_type       : float32
2026-08-02 12:18:43,223 file: onnx2horizonrt.py func: onnx2horizonrt line No: 4271 ---------input info : images end -------
2026-08-02 12:18:43,223 file: onnx2horizonrt.py func: onnx2horizonrt line No: 4272 ------------------------------------------
2026-08-02 12:18:43,223 file: onnx2horizonrt.py func: onnx2horizonrt line No: 4274 ############# calibration_parameters info #############
2026-08-02 12:18:43,223 file: onnx2horizonrt.py func: onnx2horizonrt line No: 4275 preprocess_on       : False
2026-08-02 12:18:43,223 file: onnx2horizonrt.py func: onnx2horizonrt line No: 4276 calibration_type:   : default
2026-08-02 12:18:43,223 file: onnx2horizonrt.py func: onnx2horizonrt line No: 4278 optimization        : set_Softmax_input_int8,set_Softmax_output_int8;
2026-08-02 12:18:43,223 file: onnx2horizonrt.py func: onnx2horizonrt line No: 4284 per_channel         : False
2026-08-02 12:18:43,223 file: onnx2horizonrt.py func: onnx2horizonrt line No: 4303 ############# compiler_parameters info #############
2026-08-02 12:18:43,224 file: onnx2horizonrt.py func: onnx2horizonrt line No: 4305 debug               : True
2026-08-02 12:18:43,224 file: onnx2horizonrt.py func: onnx2horizonrt line No: 4307 compile_mode        : latency
2026-08-02 12:18:43,224 file: onnx2horizonrt.py func: onnx2horizonrt line No: 4310 hbdk_pass_through_params: --O3 --debug --core-num 1 --fast --jobs 2
2026-08-02 12:18:43,224 file: onnx2horizonrt.py func: onnx2horizonrt line No: 4310 input-source        : {'images': 'pyramid', '_default_value': 'ddr'}
2026-08-02 12:18:43,236 file: hb_mapper_makertbin.py func: hb_mapper_makertbin line No: 783 Convert to runtime bin file successfully!
2026-08-02 12:18:43,236 file: hb_mapper_makertbin.py func: hb_mapper_makertbin line No: 784 End Model Convert
